
> coco-frontend@0.0.0 test
> ng test --watch=false

npm : - Generating browser application bundles (phase: setup)...
Au caractère Ligne:1 : 1
+ npm run test -- --watch=false > test_output.txt 2>&1
+ ~~~~~~~~~~~~~~~~~~~~~~~~~~~~~~~~~~~~~~~~~~~~~~~~~~~~
    + CategoryInfo          : NotSpecified: (- Generating br...hase: setup)...:String) [], RemoteException
    + FullyQualifiedErrorId : NativeCommandError
 
ÔêÜ Browser application bundle generation complete.
[1m[31m
./src/app/real-estate/components/property-detail/property-detail.component.ts:3:0-79 - Error: Module not found: Error: 
Can't resolve './property-detail.component.scss?ngResource' in 'D:\ESPRIT\4eme\SEMS_1\P_2\PI_Cloud\DEV_Phase4\Frontend_
Angular\coco-frontend\src\app\real-estate\components\property-detail'

./src/app/real-estate/components/property-list/property-list.component.ts:3:0-77 - Error: Module not found: Error: 
Can't resolve './property-list.component.scss?ngResource' in 'D:\ESPRIT\4eme\SEMS_1\P_2\PI_Cloud\DEV_Phase4\Frontend_An
gular\coco-frontend\src\app\real-estate\components\property-list'

./src/app/user-security/components/user-list/user-list.component.ts:3:0-73 - Error: Module not found: Error: Can't 
resolve './user-list.component.scss?ngResource' in 'D:\ESPRIT\4eme\SEMS_1\P_2\PI_Cloud\DEV_Phase4\Frontend_Angular\coco
-frontend\src\app\user-security\components\user-list'

./node_modules/maplibre-gl/dist/maplibre-gl.css:1:0 - Error: Module parse failed: Unexpected token (1:0)
You may need an appropriate loader to handle this file type, currently no loaders are configured to process this file. 
See https://webpack.js.org/concepts#loaders
> .maplibregl-map{font:12px/20px Helvetica Neue,Arial,Helvetica,sans-serif;overflow:hidden;position:relative;-webkit-ta
p-highlight-color:rgb(0,0,0,0)}.maplibregl-canvas{left:0;position:absolute;top:0}.maplibregl-map:fullscreen{height:100%
;width:100%}.maplibregl-ctrl-group button.maplibregl-ctrl-compass{touch-action:none}.maplibregl-canvas-container.maplib
regl-interactive,.maplibregl-ctrl-group button.maplibregl-ctrl-compass{cursor:grab;-webkit-user-select:none;-moz-user-s
elect:none;user-select:none}.maplibregl-canvas-container.maplibregl-interactive.maplibregl-track-pointer{cursor:pointer
}.maplibregl-canvas-container.maplibregl-interactive:active,.maplibregl-ctrl-group button.maplibregl-ctrl-compass:activ
e{cursor:grabbing}.maplibregl-canvas-container.maplibregl-touch-zoom-rotate,.maplibregl-canvas-container.maplibregl-tou
ch-zoom-rotate .maplibregl-canvas{touch-action:pan-x 
pan-y}.maplibregl-canvas-container.maplibregl-touch-drag-pan,.maplibregl-canvas-container.maplibregl-touch-drag-pan .ma
plibregl-canvas{touch-action:pinch-zoom}.maplibregl-canvas-container.maplibregl-touch-zoom-rotate.maplibregl-touch-drag
-pan,.maplibregl-canvas-container.maplibregl-touch-zoom-rotate.maplibregl-touch-drag-pan .maplibregl-canvas{touch-actio
n:none}.maplibregl-canvas-container.maplibregl-touch-drag-pan.maplibregl-cooperative-gestures,.maplibregl-canvas-contai
ner.maplibregl-touch-drag-pan.maplibregl-cooperative-gestures .maplibregl-canvas{touch-action:pan-x pan-y}.maplibregl-c
trl-bottom-left,.maplibregl-ctrl-bottom-right,.maplibregl-ctrl-top-left,.maplibregl-ctrl-top-right{pointer-events:none;
position:absolute;z-index:2}.maplibregl-ctrl-top-left{left:0;top:0}.maplibregl-ctrl-top-right{right:0;top:0}.maplibregl
-ctrl-bottom-left{bottom:0;left:0}.maplibregl-ctrl-bottom-right{bottom:0;right:0}.maplibregl-ctrl{clear:both;pointer-ev
ents:auto;transform:translate(0)}.maplibregl-ctrl-top-left .maplibregl-ctrl{float:left;margin:10px 0 0 
10px}.maplibregl-ctrl-top-right .maplibregl-ctrl{float:right;margin:10px 10px 0 0}.maplibregl-ctrl-bottom-left 
.maplibregl-ctrl{float:left;margin:0 0 10px 10px}.maplibregl-ctrl-bottom-right .maplibregl-ctrl{float:right;margin:0 
10px 10px 0}.maplibregl-ctrl-group{background:#fff;border-radius:4px}.maplibregl-ctrl-group:not(:empty){box-shadow:0 0 
0 2px rgba(0,0,0,.1)}@media (forced-colors:active){.maplibregl-ctrl-group:not(:empty){box-shadow:0 0 0 2px 
ButtonText}}.maplibregl-ctrl-group button{background-color:transparent;border:0;box-sizing:border-box;cursor:pointer;di
splay:block;height:29px;outline:none;padding:0;width:29px}.maplibregl-ctrl-group button+button{border-top:1px solid 
#ddd}.maplibregl-ctrl button 
.maplibregl-ctrl-icon{background-position:50%;background-repeat:no-repeat;display:block;height:100%;width:100%}@media 
(forced-colors:active){.maplibregl-ctrl-icon{background-color:transparent}.maplibregl-ctrl-group 
button+button{border-top:1px solid ButtonText}}.maplibregl-ctrl 
button::-moz-focus-inner{border:0;padding:0}.maplibregl-ctrl-attrib-button:focus,.maplibregl-ctrl-group 
button:focus{box-shadow:0 0 2px 2px #0096ff}.maplibregl-ctrl button:disabled{cursor:not-allowed}.maplibregl-ctrl 
button:disabled .maplibregl-ctrl-icon{opacity:.25}@media (hover:hover){.maplibregl-ctrl 
button:not(:disabled):hover{background-color:rgba(0,0,0,.05)}}.maplibregl-ctrl 
button:not(:disabled):active{background-color:rgba(0,0,0,.05)}.maplibregl-ctrl-group 
button:focus:focus-visible{box-shadow:0 0 2px 2px #0096ff}.maplibregl-ctrl-group 
button:focus:not(:focus-visible){box-shadow:none}.maplibregl-ctrl-group button:focus:first-child{border-radius:4px 4px 
0 0}.maplibregl-ctrl-group button:focus:last-child{border-radius:0 0 4px 4px}.maplibregl-ctrl-group 
button:focus:only-child{border-radius:inherit}.maplibregl-ctrl button.maplibregl-ctrl-zoom-out 
.maplibregl-ctrl-icon{background-image:url("data:image/svg+xml;charset=utf-8,%3Csvg xmlns='http://www.w3.org/2000/svg' 
width='29' height='29' fill='%23333' viewBox='0 0 29 29'%3E%3Cpath d='M10 13c-.75 0-1.5.75-1.5 1.5S9.25 16 10 16h9c.75 
0 1.5-.75 1.5-1.5S19.75 13 19 13z'/%3E%3C/svg%3E")}.maplibregl-ctrl button.maplibregl-ctrl-zoom-in 
.maplibregl-ctrl-icon{background-image:url("data:image/svg+xml;charset=utf-8,%3Csvg xmlns='http://www.w3.org/2000/svg' 
width='29' height='29' fill='%23333' viewBox='0 0 29 29'%3E%3Cpath d='M14.5 8.5c-.75 0-1.5.75-1.5 1.5v3h-3c-.75 
0-1.5.75-1.5 1.5S9.25 16 10 16h3v3c0 .75.75 1.5 1.5 1.5S16 19.75 16 19v-3h3c.75 0 1.5-.75 1.5-1.5S19.75 13 19 
13h-3v-3c0-.75-.75-1.5-1.5-1.5'/%3E%3C/svg%3E")}@media (forced-colors:active){.maplibregl-ctrl 
button.maplibregl-ctrl-zoom-out .maplibregl-ctrl-icon{background-image:url("data:image/svg+xml;charset=utf-8,%3Csvg 
xmlns='http://www.w3.org/2000/svg' width='29' height='29' fill='%23fff' viewBox='0 0 29 29'%3E%3Cpath d='M10 13c-.75 
0-1.5.75-1.5 1.5S9.25 16 10 16h9c.75 0 1.5-.75 1.5-1.5S19.75 13 19 13z'/%3E%3C/svg%3E")}.maplibregl-ctrl 
button.maplibregl-ctrl-zoom-in .maplibregl-ctrl-icon{background-image:url("data:image/svg+xml;charset=utf-8,%3Csvg 
xmlns='http://www.w3.org/2000/svg' width='29' height='29' fill='%23fff' viewBox='0 0 29 29'%3E%3Cpath d='M14.5 
8.5c-.75 0-1.5.75-1.5 1.5v3h-3c-.75 0-1.5.75-1.5 1.5S9.25 16 10 16h3v3c0 .75.75 1.5 1.5 1.5S16 19.75 16 19v-3h3c.75 0 
1.5-.75 1.5-1.5S19.75 13 19 13h-3v-3c0-.75-.75-1.5-1.5-1.5'/%3E%3C/svg%3E")}}@media (forced-colors:active) and 
(prefers-color-scheme:light){.maplibregl-ctrl button.maplibregl-ctrl-zoom-out 
.maplibregl-ctrl-icon{background-image:url("data:image/svg+xml;charset=utf-8,%3Csvg xmlns='http://www.w3.org/2000/svg' 
width='29' height='29' viewBox='0 0 29 29'%3E%3Cpath d='M10 13c-.75 0-1.5.75-1.5 1.5S9.25 16 10 16h9c.75 0 1.5-.75 
1.5-1.5S19.75 13 19 13z'/%3E%3C/svg%3E")}.maplibregl-ctrl button.maplibregl-ctrl-zoom-in 
.maplibregl-ctrl-icon{background-image:url("data:image/svg+xml;charset=utf-8,%3Csvg xmlns='http://www.w3.org/2000/svg' 
width='29' height='29' viewBox='0 0 29 29'%3E%3Cpath d='M14.5 8.5c-.75 0-1.5.75-1.5 1.5v3h-3c-.75 0-1.5.75-1.5 
1.5S9.25 16 10 16h3v3c0 .75.75 1.5 1.5 1.5S16 19.75 16 19v-3h3c.75 0 1.5-.75 1.5-1.5S19.75 13 19 
13h-3v-3c0-.75-.75-1.5-1.5-1.5'/%3E%3C/svg%3E")}}.maplibregl-ctrl button.maplibregl-ctrl-fullscreen 
.maplibregl-ctrl-icon{background-image:url("data:image/svg+xml;charset=utf-8,%3Csvg xmlns='http://www.w3.org/2000/svg' 
width='29' height='29' fill='%23333' viewBox='0 0 29 29'%3E%3Cpath d='M24 16v5.5c0 1.75-.75 2.5-2.5 
2.5H16v-1l3-1.5-4-5.5 1-1 5.5 4 1.5-3zM6 16l1.5 3 5.5-4 1 1-4 5.5 3 1.5v1H7.5C5.75 24 5 23.25 5 21.5V16zm7-11v1l-3 1.5 
4 5.5-1 1-5.5-4L6 13H5V7.5C5 5.75 5.75 5 7.5 5zm11 2.5c0-1.75-.75-2.5-2.5-2.5H16v1l3 1.5-4 5.5 1 1 5.5-4 1.5 
3h1z'/%3E%3C/svg%3E")}.maplibregl-ctrl button.maplibregl-ctrl-shrink 
.maplibregl-ctrl-icon{background-image:url("data:image/svg+xml;charset=utf-8,%3Csvg xmlns='http://www.w3.org/2000/svg' 
width='29' height='29' viewBox='0 0 29 29'%3E%3Cpath d='M18.5 16c-1.75 0-2.5.75-2.5 2.5V24h1l1.5-3 5.5 4 1-1-4-5.5 
3-1.5v-1zM13 18.5c0-1.75-.75-2.5-2.5-2.5H5v1l3 1.5L4 24l1 1 5.5-4 1.5 3h1zm3-8c0 1.75.75 2.5 2.5 2.5H24v-1l-3-1.5L25 
5l-1-1-5.5 4L17 5h-1zM10.5 13c1.75 0 2.5-.75 2.5-2.5V5h-1l-1.5 3L5 4 4 5l4 5.5L5 12v1z'/%3E%3C/svg%3E")}@media 
(forced-colors:active){.maplibregl-ctrl button.maplibregl-ctrl-fullscreen 
.maplibregl-ctrl-icon{background-image:url("data:image/svg+xml;charset=utf-8,%3Csvg xmlns='http://www.w3.org/2000/svg' 
width='29' height='29' fill='%23fff' viewBox='0 0 29 29'%3E%3Cpath d='M24 16v5.5c0 1.75-.75 2.5-2.5 
2.5H16v-1l3-1.5-4-5.5 1-1 5.5 4 1.5-3zM6 16l1.5 3 5.5-4 1 1-4 5.5 3 1.5v1H7.5C5.75 24 5 23.25 5 21.5V16zm7-11v1l-3 1.5 
4 5.5-1 1-5.5-4L6 13H5V7.5C5 5.75 5.75 5 7.5 5zm11 2.5c0-1.75-.75-2.5-2.5-2.5H16v1l3 1.5-4 5.5 1 1 5.5-4 1.5 
3h1z'/%3E%3C/svg%3E")}.maplibregl-ctrl button.maplibregl-ctrl-shrink 
.maplibregl-ctrl-icon{background-image:url("data:image/svg+xml;charset=utf-8,%3Csvg xmlns='http://www.w3.org/2000/svg' 
width='29' height='29' fill='%23fff' viewBox='0 0 29 29'%3E%3Cpath d='M18.5 16c-1.75 0-2.5.75-2.5 2.5V24h1l1.5-3 5.5 4 
1-1-4-5.5 3-1.5v-1zM13 18.5c0-1.75-.75-2.5-2.5-2.5H5v1l3 1.5L4 24l1 1 5.5-4 1.5 3h1zm3-8c0 1.75.75 2.5 2.5 
2.5H24v-1l-3-1.5L25 5l-1-1-5.5 4L17 5h-1zM10.5 13c1.75 0 2.5-.75 2.5-2.5V5h-1l-1.5 3L5 4 4 5l4 5.5L5 
12v1z'/%3E%3C/svg%3E")}}@media (forced-colors:active) and (prefers-color-scheme:light){.maplibregl-ctrl 
button.maplibregl-ctrl-fullscreen .maplibregl-ctrl-icon{background-image:url("data:image/svg+xml;charset=utf-8,%3Csvg 
xmlns='http://www.w3.org/2000/svg' width='29' height='29' viewBox='0 0 29 29'%3E%3Cpath d='M24 16v5.5c0 1.75-.75 
2.5-2.5 2.5H16v-1l3-1.5-4-5.5 1-1 5.5 4 1.5-3zM6 16l1.5 3 5.5-4 1 1-4 5.5 3 1.5v1H7.5C5.75 24 5 23.25 5 
21.5V16zm7-11v1l-3 1.5 4 5.5-1 1-5.5-4L6 13H5V7.5C5 5.75 5.75 5 7.5 5zm11 2.5c0-1.75-.75-2.5-2.5-2.5H16v1l3 1.5-4 5.5 
1 1 5.5-4 1.5 3h1z'/%3E%3C/svg%3E")}.maplibregl-ctrl button.maplibregl-ctrl-shrink 
.maplibregl-ctrl-icon{background-image:url("data:image/svg+xml;charset=utf-8,%3Csvg xmlns='http://www.w3.org/2000/svg' 
width='29' height='29' viewBox='0 0 29 29'%3E%3Cpath d='M18.5 16c-1.75 0-2.5.75-2.5 2.5V24h1l1.5-3 5.5 4 1-1-4-5.5 
3-1.5v-1zM13 18.5c0-1.75-.75-2.5-2.5-2.5H5v1l3 1.5L4 24l1 1 5.5-4 1.5 3h1zm3-8c0 1.75.75 2.5 2.5 2.5H24v-1l-3-1.5L25 
5l-1-1-5.5 4L17 5h-1zM10.5 13c1.75 0 2.5-.75 2.5-2.5V5h-1l-1.5 3L5 4 4 5l4 5.5L5 
12v1z'/%3E%3C/svg%3E")}}.maplibregl-ctrl button.maplibregl-ctrl-compass 
.maplibregl-ctrl-icon{background-image:url("data:image/svg+xml;charset=utf-8,%3Csvg xmlns='http://www.w3.org/2000/svg' 
width='29' height='29' fill='%23333' viewBox='0 0 29 29'%3E%3Cpath d='m10.5 14 4-8 4 8z'/%3E%3Cpath fill='%23ccc' 
d='m10.5 16 4 8 4-8z'/%3E%3C/svg%3E")}@media (forced-colors:active){.maplibregl-ctrl button.maplibregl-ctrl-compass 
.maplibregl-ctrl-icon{background-image:url("data:image/svg+xml;charset=utf-8,%3Csvg xmlns='http://www.w3.org/2000/svg' 
width='29' height='29' fill='%23fff' viewBox='0 0 29 29'%3E%3Cpath d='m10.5 14 4-8 4 8z'/%3E%3Cpath fill='%23ccc' 
d='m10.5 16 4 8 4-8z'/%3E%3C/svg%3E")}}@media (forced-colors:active) and (prefers-color-scheme:light){.maplibregl-ctrl 
button.maplibregl-ctrl-compass .maplibregl-ctrl-icon{background-image:url("data:image/svg+xml;charset=utf-8,%3Csvg 
xmlns='http://www.w3.org/2000/svg' width='29' height='29' viewBox='0 0 29 29'%3E%3Cpath d='m10.5 14 4-8 4 
8z'/%3E%3Cpath fill='%23ccc' d='m10.5 16 4 8 4-8z'/%3E%3C/svg%3E")}}.maplibregl-ctrl button.maplibregl-ctrl-globe 
.maplibregl-ctrl-icon{background-image:url("data:image/svg+xml;charset=utf-8,%3Csvg xmlns='http://www.w3.org/2000/svg' 
width='22' height='22' fill='none' stroke='%23333' viewBox='0 0 22 22'%3E%3Ccircle cx='11' cy='11' r='8.5'/%3E%3Cpath 
d='M17.5 11c0 4.819-3.02 8.5-6.5 8.5S4.5 15.819 4.5 11 7.52 2.5 11 2.5s6.5 3.681 6.5 8.5Z'/%3E%3Cpath d='M13.5 11c0 
2.447-.331 4.64-.853 6.206-.262.785-.562 1.384-.872 
1.777-.314.399-.58.517-.775.517s-.461-.118-.775-.517c-.31-.393-.61-.992-.872-1.777C8.831 15.64 8.5 13.446 8.5 
11s.331-4.64.853-6.206c.262-.785.562-1.384.872-1.777.314-.399.58-.517.775-.517s.461.118.775.517c.31.393.61.992.872 
1.777.522 1.565.853 3.76.853 6.206Z'/%3E%3Cpath d='M11 7.5c-1.909 
0-3.622-.166-4.845-.428-.616-.132-1.08-.283-1.379-.434a1.3 1.3 0 0 1-.224-.138q.07-.058.224-.138c.299-.151.763-.302 
1.379-.434C7.378 5.666 9.091 5.5 11 5.5s3.622.166 4.845.428c.616.132 1.08.283 
1.379.434.105.053.177.1.224.138q-.07.058-.224.138c-.299.151-.763.302-1.379.434-1.223.262-2.936.428-4.845.428ZM4.486 
6.436ZM11 16.5c-1.909 0-3.622-.166-4.845-.428-.616-.132-1.08-.283-1.379-.434a1.3 1.3 0 0 1-.224-.138 1.3 1.3 0 0 1 
.224-.138c.299-.151.763-.302 1.379-.434C7.378 14.666 9.091 14.5 11 14.5s3.622.166 4.845.428c.616.132 1.08.283 
1.379.434.105.053.177.1.224.138a1.3 1.3 0 0 
1-.224.138c-.299.151-.763.302-1.379.434-1.223.262-2.936.428-4.845.428Zm-6.514-1.064ZM11 12.5c-2.46 
0-4.672-.222-6.255-.574-.796-.177-1.406-.38-1.805-.59a1.5 1.5 0 0 1-.39-.272.3.3 0 0 1-.047-.064.3.3 0 0 1 
.048-.064c.066-.073.189-.167.389-.272.399-.21 1.009-.413 1.805-.59C6.328 9.722 8.54 9.5 11 9.5s4.672.222 
6.256.574c.795.177 1.405.38 1.804.59.2.105.323.2.39.272a.3.3 0 0 1 .047.064.3.3 0 0 1-.048.064 1.4 1.4 0 0 
1-.389.272c-.399.21-1.009.413-1.804.59-1.584.352-3.796.574-6.256.574Zm-8.501-1.51v.002zm0 
.018v.002zm17.002.002v-.002zm0-.018v-.002z'/%3E%3C/svg%3E")}.maplibregl-ctrl button.maplibregl-ctrl-globe-enabled 
.maplibregl-ctrl-icon{background-image:url("data:image/svg+xml;charset=utf-8,%3Csvg xmlns='http://www.w3.org/2000/svg' 
width='22' height='22' fill='none' stroke='%2333b5e5' viewBox='0 0 22 22'%3E%3Ccircle cx='11' cy='11' 
r='8.5'/%3E%3Cpath d='M17.5 11c0 4.819-3.02 8.5-6.5 8.5S4.5 15.819 4.5 11 7.52 2.5 11 2.5s6.5 3.681 6.5 
8.5Z'/%3E%3Cpath d='M13.5 11c0 2.447-.331 4.64-.853 6.206-.262.785-.562 1.384-.872 
1.777-.314.399-.58.517-.775.517s-.461-.118-.775-.517c-.31-.393-.61-.992-.872-1.777C8.831 15.64 8.5 13.446 8.5 
11s.331-4.64.853-6.206c.262-.785.562-1.384.872-1.777.314-.399.58-.517.775-.517s.461.118.775.517c.31.393.61.992.872 
1.777.522 1.565.853 3.76.853 6.206Z'/%3E%3Cpath d='M11 7.5c-1.909 
0-3.622-.166-4.845-.428-.616-.132-1.08-.283-1.379-.434a1.3 1.3 0 0 1-.224-.138q.07-.058.224-.138c.299-.151.763-.302 
1.379-.434C7.378 5.666 9.091 5.5 11 5.5s3.622.166 4.845.428c.616.132 1.08.283 
1.379.434.105.053.177.1.224.138q-.07.058-.224.138c-.299.151-.763.302-1.379.434-1.223.262-2.936.428-4.845.428ZM4.486 
6.436ZM11 16.5c-1.909 0-3.622-.166-4.845-.428-.616-.132-1.08-.283-1.379-.434a1.3 1.3 0 0 1-.224-.138 1.3 1.3 0 0 1 
.224-.138c.299-.151.763-.302 1.379-.434C7.378 14.666 9.091 14.5 11 14.5s3.622.166 4.845.428c.616.132 1.08.283 
1.379.434.105.053.177.1.224.138a1.3 1.3 0 0 
1-.224.138c-.299.151-.763.302-1.379.434-1.223.262-2.936.428-4.845.428Zm-6.514-1.064ZM11 12.5c-2.46 
0-4.672-.222-6.255-.574-.796-.177-1.406-.38-1.805-.59a1.5 1.5 0 0 1-.39-.272.3.3 0 0 1-.047-.064.3.3 0 0 1 
.048-.064c.066-.073.189-.167.389-.272.399-.21 1.009-.413 1.805-.59C6.328 9.722 8.54 9.5 11 9.5s4.672.222 
6.256.574c.795.177 1.405.38 1.804.59.2.105.323.2.39.272a.3.3 0 0 1 .047.064.3.3 0 0 1-.048.064 1.4 1.4 0 0 
1-.389.272c-.399.21-1.009.413-1.804.59-1.584.352-3.796.574-6.256.574Zm-8.501-1.51v.002zm0 
.018v.002zm17.002.002v-.002zm0-.018v-.002z'/%3E%3C/svg%3E")}.maplibregl-ctrl button.maplibregl-ctrl-terrain 
.maplibregl-ctrl-icon{background-image:url("data:image/svg+xml;charset=utf-8,%3Csvg xmlns='http://www.w3.org/2000/svg' 
width='22' height='22' fill='%23333' viewBox='0 0 22 22'%3E%3Cpath d='m1.754 13.406 4.453-4.851 3.09 3.09 3.281 
3.277.969-.969-3.309-3.312 3.844-4.121 6.148 6.886h1.082v-.855l-7.207-8.07-4.84 5.187L6.169 6.57l-5.48 
5.965v.871ZM.688 16.844h20.625v1.375H.688Zm0 0'/%3E%3C/svg%3E")}.maplibregl-ctrl 
button.maplibregl-ctrl-terrain-enabled 
.maplibregl-ctrl-icon{background-image:url("data:image/svg+xml;charset=utf-8,%3Csvg xmlns='http://www.w3.org/2000/svg' 
width='22' height='22' fill='%2333b5e5' viewBox='0 0 22 22'%3E%3Cpath d='m1.754 13.406 4.453-4.851 3.09 3.09 3.281 
3.277.969-.969-3.309-3.312 3.844-4.121 6.148 6.886h1.082v-.855l-7.207-8.07-4.84 5.187L6.169 6.57l-5.48 
5.965v.871ZM.688 16.844h20.625v1.375H.688Zm0 0'/%3E%3C/svg%3E")}.maplibregl-ctrl button.maplibregl-ctrl-geolocate 
.maplibregl-ctrl-icon{background-image:url("data:image/svg+xml;charset=utf-8,%3Csvg xmlns='http://www.w3.org/2000/svg' 
width='29' height='29' fill='%23333' viewBox='0 0 20 20'%3E%3Cpath d='M10 4C9 4 9 5 9 5v.1A5 5 0 0 0 5.1 9H5s-1 0-1 1 
1 1 1 1h.1A5 5 0 0 0 9 14.9v.1s0 1 1 1 1-1 1-1v-.1a5 5 0 0 0 3.9-3.9h.1s1 0 1-1-1-1-1-1h-.1A5 5 0 0 0 11 
5.1V5s0-1-1-1m0 2.5a3.5 3.5 0 1 1 0 7 3.5 3.5 0 1 1 0-7'/%3E%3Ccircle cx='10' cy='10' 
r='2'/%3E%3C/svg%3E")}.maplibregl-ctrl button.maplibregl-ctrl-geolocate:disabled 
.maplibregl-ctrl-icon{background-image:url("data:image/svg+xml;charset=utf-8,%3Csvg xmlns='http://www.w3.org/2000/svg' 
width='29' height='29' fill='%23aaa' viewBox='0 0 20 20'%3E%3Cpath d='M10 4C9 4 9 5 9 5v.1A5 5 0 0 0 5.1 9H5s-1 0-1 1 
1 1 1 1h.1A5 5 0 0 0 9 14.9v.1s0 1 1 1 1-1 1-1v-.1a5 5 0 0 0 3.9-3.9h.1s1 0 1-1-1-1-1-1h-.1A5 5 0 0 0 11 
5.1V5s0-1-1-1m0 2.5a3.5 3.5 0 1 1 0 7 3.5 3.5 0 1 1 0-7'/%3E%3Ccircle cx='10' cy='10' r='2'/%3E%3Cpath fill='red' 
d='m14 5 1 1-9 9-1-1z'/%3E%3C/svg%3E")}.maplibregl-ctrl 
button.maplibregl-ctrl-geolocate.maplibregl-ctrl-geolocate-active 
.maplibregl-ctrl-icon{background-image:url("data:image/svg+xml;charset=utf-8,%3Csvg xmlns='http://www.w3.org/2000/svg' 
width='29' height='29' fill='%2333b5e5' viewBox='0 0 20 20'%3E%3Cpath d='M10 4C9 4 9 5 9 5v.1A5 5 0 0 0 5.1 9H5s-1 0-1 
1 1 1 1 1h.1A5 5 0 0 0 9 14.9v.1s0 1 1 1 1-1 1-1v-.1a5 5 0 0 0 3.9-3.9h.1s1 0 1-1-1-1-1-1h-.1A5 5 0 0 0 11 
5.1V5s0-1-1-1m0 2.5a3.5 3.5 0 1 1 0 7 3.5 3.5 0 1 1 0-7'/%3E%3Ccircle cx='10' cy='10' 
r='2'/%3E%3C/svg%3E")}.maplibregl-ctrl button.maplibregl-ctrl-geolocate.maplibregl-ctrl-geolocate-active-error 
.maplibregl-ctrl-icon{background-image:url("data:image/svg+xml;charset=utf-8,%3Csvg xmlns='http://www.w3.org/2000/svg' 
width='29' height='29' fill='%23e58978' viewBox='0 0 20 20'%3E%3Cpath d='M10 4C9 4 9 5 9 5v.1A5 5 0 0 0 5.1 9H5s-1 0-1 
1 1 1 1 1h.1A5 5 0 0 0 9 14.9v.1s0 1 1 1 1-1 1-1v-.1a5 5 0 0 0 3.9-3.9h.1s1 0 1-1-1-1-1-1h-.1A5 5 0 0 0 11 
5.1V5s0-1-1-1m0 2.5a3.5 3.5 0 1 1 0 7 3.5 3.5 0 1 1 0-7'/%3E%3Ccircle cx='10' cy='10' 
r='2'/%3E%3C/svg%3E")}.maplibregl-ctrl button.maplibregl-ctrl-geolocate.maplibregl-ctrl-geolocate-background 
.maplibregl-ctrl-icon{background-image:url("data:image/svg+xml;charset=utf-8,%3Csvg xmlns='http://www.w3.org/2000/svg' 
width='29' height='29' fill='%2333b5e5' viewBox='0 0 20 20'%3E%3Cpath d='M10 4C9 4 9 5 9 5v.1A5 5 0 0 0 5.1 9H5s-1 0-1 
1 1 1 1 1h.1A5 5 0 0 0 9 14.9v.1s0 1 1 1 1-1 1-1v-.1a5 5 0 0 0 3.9-3.9h.1s1 0 1-1-1-1-1-1h-.1A5 5 0 0 0 11 
5.1V5s0-1-1-1m0 2.5a3.5 3.5 0 1 1 0 7 3.5 3.5 0 1 1 0-7'/%3E%3C/svg%3E")}.maplibregl-ctrl 
button.maplibregl-ctrl-geolocate.maplibregl-ctrl-geolocate-background-error 
.maplibregl-ctrl-icon{background-image:url("data:image/svg+xml;charset=utf-8,%3Csvg xmlns='http://www.w3.org/2000/svg' 
width='29' height='29' fill='%23e54e33' viewBox='0 0 20 20'%3E%3Cpath d='M10 4C9 4 9 5 9 5v.1A5 5 0 0 0 5.1 9H5s-1 0-1 
1 1 1 1 1h.1A5 5 0 0 0 9 14.9v.1s0 1 1 1 1-1 1-1v-.1a5 5 0 0 0 3.9-3.9h.1s1 0 1-1-1-1-1-1h-.1A5 5 0 0 0 11 
5.1V5s0-1-1-1m0 2.5a3.5 3.5 0 1 1 0 7 3.5 3.5 0 1 1 0-7'/%3E%3C/svg%3E")}.maplibregl-ctrl 
button.maplibregl-ctrl-geolocate.maplibregl-ctrl-geolocate-waiting .maplibregl-ctrl-icon{animation:maplibregl-spin 2s 
linear infinite}@media (forced-colors:active){.maplibregl-ctrl button.maplibregl-ctrl-geolocate 
.maplibregl-ctrl-icon{background-image:url("data:image/svg+xml;charset=utf-8,%3Csvg xmlns='http://www.w3.org/2000/svg' 
width='29' height='29' fill='%23fff' viewBox='0 0 20 20'%3E%3Cpath d='M10 4C9 4 9 5 9 5v.1A5 5 0 0 0 5.1 9H5s-1 0-1 1 
1 1 1 1h.1A5 5 0 0 0 9 14.9v.1s0 1 1 1 1-1 1-1v-.1a5 5 0 0 0 3.9-3.9h.1s1 0 1-1-1-1-1-1h-.1A5 5 0 0 0 11 
5.1V5s0-1-1-1m0 2.5a3.5 3.5 0 1 1 0 7 3.5 3.5 0 1 1 0-7'/%3E%3Ccircle cx='10' cy='10' 
r='2'/%3E%3C/svg%3E")}.maplibregl-ctrl button.maplibregl-ctrl-geolocate:disabled 
.maplibregl-ctrl-icon{background-image:url("data:image/svg+xml;charset=utf-8,%3Csvg xmlns='http://www.w3.org/2000/svg' 
width='29' height='29' fill='%23999' viewBox='0 0 20 20'%3E%3Cpath d='M10 4C9 4 9 5 9 5v.1A5 5 0 0 0 5.1 9H5s-1 0-1 1 
1 1 1 1h.1A5 5 0 0 0 9 14.9v.1s0 1 1 1 1-1 1-1v-.1a5 5 0 0 0 3.9-3.9h.1s1 0 1-1-1-1-1-1h-.1A5 5 0 0 0 11 
5.1V5s0-1-1-1m0 2.5a3.5 3.5 0 1 1 0 7 3.5 3.5 0 1 1 0-7'/%3E%3Ccircle cx='10' cy='10' r='2'/%3E%3Cpath fill='red' 
d='m14 5 1 1-9 9-1-1z'/%3E%3C/svg%3E")}.maplibregl-ctrl 
button.maplibregl-ctrl-geolocate.maplibregl-ctrl-geolocate-active 
.maplibregl-ctrl-icon{background-image:url("data:image/svg+xml;charset=utf-8,%3Csvg xmlns='http://www.w3.org/2000/svg' 
width='29' height='29' fill='%2333b5e5' viewBox='0 0 20 20'%3E%3Cpath d='M10 4C9 4 9 5 9 5v.1A5 5 0 0 0 5.1 9H5s-1 0-1 
1 1 1 1 1h.1A5 5 0 0 0 9 14.9v.1s0 1 1 1 1-1 1-1v-.1a5 5 0 0 0 3.9-3.9h.1s1 0 1-1-1-1-1-1h-.1A5 5 0 0 0 11 
5.1V5s0-1-1-1m0 2.5a3.5 3.5 0 1 1 0 7 3.5 3.5 0 1 1 0-7'/%3E%3Ccircle cx='10' cy='10' 
r='2'/%3E%3C/svg%3E")}.maplibregl-ctrl button.maplibregl-ctrl-geolocate.maplibregl-ctrl-geolocate-active-error 
.maplibregl-ctrl-icon{background-image:url("data:image/svg+xml;charset=utf-8,%3Csvg xmlns='http://www.w3.org/2000/svg' 
width='29' height='29' fill='%23e58978' viewBox='0 0 20 20'%3E%3Cpath d='M10 4C9 4 9 5 9 5v.1A5 5 0 0 0 5.1 9H5s-1 0-1 
1 1 1 1 1h.1A5 5 0 0 0 9 14.9v.1s0 1 1 1 1-1 1-1v-.1a5 5 0 0 0 3.9-3.9h.1s1 0 1-1-1-1-1-1h-.1A5 5 0 0 0 11 
5.1V5s0-1-1-1m0 2.5a3.5 3.5 0 1 1 0 7 3.5 3.5 0 1 1 0-7'/%3E%3Ccircle cx='10' cy='10' 
r='2'/%3E%3C/svg%3E")}.maplibregl-ctrl button.maplibregl-ctrl-geolocate.maplibregl-ctrl-geolocate-background 
.maplibregl-ctrl-icon{background-image:url("data:image/svg+xml;charset=utf-8,%3Csvg xmlns='http://www.w3.org/2000/svg' 
width='29' height='29' fill='%2333b5e5' viewBox='0 0 20 20'%3E%3Cpath d='M10 4C9 4 9 5 9 5v.1A5 5 0 0 0 5.1 9H5s-1 0-1 
1 1 1 1 1h.1A5 5 0 0 0 9 14.9v.1s0 1 1 1 1-1 1-1v-.1a5 5 0 0 0 3.9-3.9h.1s1 0 1-1-1-1-1-1h-.1A5 5 0 0 0 11 
5.1V5s0-1-1-1m0 2.5a3.5 3.5 0 1 1 0 7 3.5 3.5 0 1 1 0-7'/%3E%3C/svg%3E")}.maplibregl-ctrl 
button.maplibregl-ctrl-geolocate.maplibregl-ctrl-geolocate-background-error 
.maplibregl-ctrl-icon{background-image:url("data:image/svg+xml;charset=utf-8,%3Csvg xmlns='http://www.w3.org/2000/svg' 
width='29' height='29' fill='%23e54e33' viewBox='0 0 20 20'%3E%3Cpath d='M10 4C9 4 9 5 9 5v.1A5 5 0 0 0 5.1 9H5s-1 0-1 
1 1 1 1 1h.1A5 5 0 0 0 9 14.9v.1s0 1 1 1 1-1 1-1v-.1a5 5 0 0 0 3.9-3.9h.1s1 0 1-1-1-1-1-1h-.1A5 5 0 0 0 11 
5.1V5s0-1-1-1m0 2.5a3.5 3.5 0 1 1 0 7 3.5 3.5 0 1 1 0-7'/%3E%3C/svg%3E")}}@media (forced-colors:active) and 
(prefers-color-scheme:light){.maplibregl-ctrl button.maplibregl-ctrl-geolocate 
.maplibregl-ctrl-icon{background-image:url("data:image/svg+xml;charset=utf-8,%3Csvg xmlns='http://www.w3.org/2000/svg' 
width='29' height='29' viewBox='0 0 20 20'%3E%3Cpath d='M10 4C9 4 9 5 9 5v.1A5 5 0 0 0 5.1 9H5s-1 0-1 1 1 1 1 1h.1A5 5 
0 0 0 9 14.9v.1s0 1 1 1 1-1 1-1v-.1a5 5 0 0 0 3.9-3.9h.1s1 0 1-1-1-1-1-1h-.1A5 5 0 0 0 11 5.1V5s0-1-1-1m0 2.5a3.5 3.5 
0 1 1 0 7 3.5 3.5 0 1 1 0-7'/%3E%3Ccircle cx='10' cy='10' r='2'/%3E%3C/svg%3E")}.maplibregl-ctrl 
button.maplibregl-ctrl-geolocate:disabled 
.maplibregl-ctrl-icon{background-image:url("data:image/svg+xml;charset=utf-8,%3Csvg xmlns='http://www.w3.org/2000/svg' 
width='29' height='29' fill='%23666' viewBox='0 0 20 20'%3E%3Cpath d='M10 4C9 4 9 5 9 5v.1A5 5 0 0 0 5.1 9H5s-1 0-1 1 
1 1 1 1h.1A5 5 0 0 0 9 14.9v.1s0 1 1 1 1-1 1-1v-.1a5 5 0 0 0 3.9-3.9h.1s1 0 1-1-1-1-1-1h-.1A5 5 0 0 0 11 
5.1V5s0-1-1-1m0 2.5a3.5 3.5 0 1 1 0 7 3.5 3.5 0 1 1 0-7'/%3E%3Ccircle cx='10' cy='10' r='2'/%3E%3Cpath fill='red' 
d='m14 5 1 1-9 9-1-1z'/%3E%3C/svg%3E")}}@keyframes maplibregl-spin{0%{transform:rotate(0deg)}to{transform:rotate(1turn)
}}a.maplibregl-ctrl-logo{background-image:url("data:image/svg+xml;charset=utf-8,%3Csvg 
xmlns='http://www.w3.org/2000/svg' width='88' height='23' fill='none'%3E%3Cpath fill='%23000' fill-opacity='.4' 
fill-rule='evenodd' d='M17.408 16.796h-1.827l2.501-12.095h.198l3.324 6.533.988 2.19.988-2.19 3.258-6.533h.181l2.6 
12.095h-1.81l-1.218-5.644-.362-1.71-.658 1.71-2.929 5.644h-.098l-2.914-5.644-.757-1.71-.345 1.71zm1.958-3.42-.726 
3.663a1.255 1.255 0 0 1-1.232 1.011h-1.827a1.255 1.255 0 0 1-1.229-1.509l2.501-12.095a1.255 1.255 0 0 1 
1.23-1.001h.197a1.25 1.25 0 0 1 1.12.685l3.19 6.273 3.125-6.263a1.25 1.25 0 0 1 1.123-.695h.181a1.255 1.255 0 0 1 
1.227.991l1.443 6.71a5 5 0 0 1 .314-.787l.009-.016a4.6 4.6 0 0 1 1.777-1.887c.782-.46 1.668-.667 2.611-.667a4.6 4.6 0 
0 1 1.7.32l.306.134c.21-.16.474-.256.759-.256h1.694a1.255 1.255 0 0 1 1.212.925 1.255 1.255 0 0 1 
1.212-.925h1.711c.284 0 .545.094.755.252.613-.3 1.312-.45 2.075-.45 1.356 0 2.557.445 3.482 1.4q.47.48.763 
1.064V4.701a1.255 1.255 0 0 1 1.255-1.255h1.86A1.255 1.255 0 0 1 54.44 4.7v9.194h2.217c.19 0 
.37.043.532.118v-4.77c0-.356.147-.678.385-.906a2.42 2.42 0 0 1-.682-1.71c0-.665.267-1.253.735-1.7a2.45 2.45 0 0 1 
1.722-.674 2.43 2.43 0 0 1 1.705.675q.318.302.504.683V4.7a1.255 1.255 0 0 1 1.255-1.255h1.744A1.255 1.255 0 0 1 65.812 
4.7v3.335a4.8 4.8 0 0 1 1.526-.246c.938 0 1.817.214 2.59.69a4.47 4.47 0 0 1 1.67 1.743v-.98a1.255 1.255 0 0 1 
1.256-1.256h1.777c.233 0 .451.064.639.174a3.4 3.4 0 0 1 1.567-.372c.346 0 .861.02 1.285.232a1.25 1.25 0 0 1 .689 1.004 
4.7 4.7 0 0 1 .853-.588c.795-.44 1.675-.647 2.61-.647 1.385 0 2.65.39 3.525 1.396.836.938 1.168 2.173 1.168 
3.528q-.001.515-.056 1.051a1.255 1.255 0 0 1-.947 1.09l.408.952a1.255 1.255 0 0 1-.477 
1.552c-.418.268-.92.463-1.458.612-.613.171-1.304.244-2.049.244-1.06 
0-2.043-.207-2.886-.698l-.015-.008c-.798-.48-1.419-1.135-1.818-1.963l-.004-.008a5.8 5.8 0 0 
1-.548-2.512q0-.429.053-.843a1.3 1.3 0 0 1-.333-.086l-.166-.004c-.223 
0-.426.062-.643.228-.03.024-.142.139-.142.59v3.883a1.255 1.255 0 0 1-1.256 1.256h-1.777a1.255 1.255 0 0 
1-1.256-1.256V15.69l-.032.057a4.8 4.8 0 0 1-1.86 1.833 5.04 5.04 0 0 1-2.484.634 4.5 4.5 0 0 1-1.935-.424 1.25 1.25 0 
0 1-.764.258h-1.71a1.255 1.255 0 0 1-1.256-1.255V7.687a2.4 2.4 0 0 1-.428.625c.253.23.412.561.412.93v7.553a1.255 1.255 
0 0 1-1.256 1.255h-1.843a1.25 1.25 0 0 1-.894-.373c-.228.23-.544.373-.894.373H51.32a1.255 1.255 0 0 
1-1.256-1.255v-1.251l-.061.117a4.7 4.7 0 0 1-1.782 1.884 4.77 4.77 0 0 1-2.485.67 5.6 5.6 0 0 1-1.485-.188l.009 
2.764a1.255 1.255 0 0 1-1.255 1.259h-1.729a1.255 1.255 0 0 1-1.255-1.255v-3.537a1.255 1.255 0 0 
1-1.167.793h-1.679a1.25 1.25 0 0 1-.77-.263 4.5 4.5 0 0 1-1.945.429c-.885 0-1.724-.21-2.495-.632l-.017-.01a5 5 0 0 
1-1.081-.836 1.255 1.255 0 0 1-1.254 1.312h-1.81a1.255 1.255 0 0 1-1.228-.99l-.782-3.625-2.044 3.939a1.25 1.25 0 0 
1-1.115.676h-.098a1.25 1.25 0 0 1-1.116-.68l-2.061-3.994zM35.92 
16.63l.207-.114.223-.15q.493-.356.735-.785l.061-.118.033 1.332h1.678V9.242h-1.694l-.033 
1.267q-.133-.329-.526-.658l-.032-.028a3.2 3.2 0 0 0-.668-.428l-.27-.12a3.3 3.3 0 0 
0-1.235-.23q-1.136-.001-1.974.493a3.36 3.36 0 0 0-1.3 1.382q-.445.89-.444 2.074 0 1.2.51 2.107a3.8 3.8 0 0 0 1.382 
1.381 3.9 3.9 0 0 0 1.893.477q.795 0 1.455-.33zm-2.789-5.38q-.576.675-.575 1.762 0 1.102.559 1.794.576.675 
1.645.675a2.25 2.25 0 0 0 .934-.19 2.2 2.2 0 0 0 .468-.29l.178-.161a2.2 2.2 0 0 0 
.397-.561q.244-.5.244-1.15v-.115q0-.708-.296-1.267l-.043-.077a2.2 2.2 0 0 0-.633-.709l-.13-.086-.047-.028a2.1 2.1 0 0 
0-1.073-.285q-1.052 0-1.629.692zm2.316 2.706c.163-.17.28-.407.28-.83v-.114c0-.292-.06-.508-.15-.68a.96.96 0 0 
0-.353-.389.85.85 0 0 0-.464-.127c-.4 0-.56.114-.664.239l-.01.012c-.148.174-.275.45-.275.945 0 
.506.122.801.27.99.097.11.266.224.68.224.303 0 .504-.09.687-.269zm7.545 1.705a2.6 2.6 0 0 0 
.331.423q.319.33.755.548l.173.074q.65.255 1.49.255 1.02 0 1.844-.493a3.45 3.45 0 0 0 1.316-1.4q.493-.904.493-2.089 
0-1.909-.988-2.913-.988-1.02-2.584-1.02-.898 0-1.575.347a3 3 0 0 0-.415.262l-.199.166a3.4 3.4 0 0 
0-.64.82V9.242h-1.712v11.553h1.729l-.017-5.134zm.53-1.138q.206.29.48.5l.155.11.053.034q.51.296 1.119.297 1.07 0 
1.645-.675.577-.69.576-1.762 0-1.119-.576-1.777-.558-.675-1.645-.675-.435 0-.835.16a2 2 0 0 0-.284.136 2 2 0 0 
0-.363.254 2.2 2.2 0 0 0-.46.569l-.082.162a2.6 2.6 0 0 0-.213 1.072v.115q0 .707.296 1.267l.135.211zm.964-.818a1.1 1.1 
0 0 0 .367.385.94.94 0 0 0 .476.118c.423 0 .59-.117.687-.23.159-.194.28-.478.28-.95 
0-.53-.133-.8-.266-.952l-.021-.025c-.078-.094-.231-.221-.68-.221a1 1 0 0 0-.503.135l-.012.007a.86.86 0 0 
0-.335.343c-.073.133-.132.324-.132.614v.115a1.4 1.4 0 0 0 .14.66zm15.7-6.222q.347-.346.346-.856a1.05 1.05 0 0 
0-.345-.79 1.18 1.18 0 0 0-.84-.329q-.51 0-.855.33a1.05 1.05 0 0 0-.346.79q0 .51.346.855.345.346.856.346.51 0 
.839-.346zm4.337 9.314.033-1.332q.191.403.59.747l.098.081a4 4 0 0 0 .316.224l.223.122a3.2 3.2 0 0 0 1.44.322 3.8 3.8 0 
0 0 1.875-.477 3.5 3.5 0 0 0 1.382-1.366q.527-.89.526-2.09 0-1.184-.444-2.073a3.24 3.24 0 0 
0-1.283-1.399q-.823-.51-1.942-.51a3.5 3.5 0 0 0-1.527.344l-.086.043-.165.09a3 3 0 0 0-.33.214q-.432.315-.656.707a2 2 0 
0 0-.099.198l.082-1.283V4.701h-1.744v12.095zm.473-2.509a2.5 2.5 0 0 0 .566.7q.117.098.245.18l.144.08a2.1 2.1 0 0 0 
.975.232q1.07 0 1.645-.675.576-.69.576-1.778 0-1.102-.576-1.777-.56-.691-1.645-.692a2.2 2.2 0 0 
0-1.015.235q-.22.113-.415.282l-.15.142a2.1 2.1 0 0 0-.42.594q-.223.479-.223 1.1v.115q0 .705.293 
1.26zm2.616-.293c.157-.191.28-.479.28-.967 0-.51-.13-.79-.276-.961l-.021-.026c-.082-.1-.232-.225-.67-.225a.87.87 0 0 
0-.681.279l-.012.011c-.154.155-.274.38-.274.807v.115c0 .285.057.499.144.669a1.1 1.1 0 0 0 
.367.405c.137.082.28.123.455.123.423 0 .59-.118.686-.23zm8.266-3.013q.345-.13.724-.14l.069-.002q.493 0 
.642.099l.247-1.794q-.196-.099-.717-.099a2.3 2.3 0 0 0-.545.063 2 2 0 0 0-.411.148 2.2 2.2 0 0 0-.4.249 2.5 2.5 0 0 
0-.485.499 2.7 2.7 0 0 0-.32.581l-.05.137v-1.48h-1.778v7.553h1.777v-3.884q0-.546.159-.943a1.5 1.5 0 0 1 .466-.636 2.5 
2.5 0 0 1 .399-.253 2 2 0 0 1 .224-.099zm9.784 
2.656.05-.922q0-1.743-.856-2.698-.838-.97-2.584-.97-1.119-.001-2.007.493a3.46 3.46 0 0 0-1.4 1.382q-.493.906-.493 
2.106 0 1.07.428 1.975.428.89 1.332 1.432.906.526 2.255.526.973 0 
1.668-.185l.044-.012.135-.04q.613-.184.984-.421l-.542-1.267q-.3.162-.642.274l-.297.087q-.51.131-1.3.131-.954 
0-1.497-.444a1.6 1.6 0 0 
1-.192-.193q-.366-.44-.512-1.234l-.004-.021zm-5.427-1.256-.003.022h3.752v-.138q-.011-.727-.288-1.118a1 1 0 0 
0-.156-.176q-.46-.428-1.316-.428-.986 0-1.494.604-.379.45-.494 1.234zm-27.053 
2.77V4.7h-1.86v12.095h5.333V15.15zm7.103-5.908v7.553h-1.843V9.242h1.843z'/%3E%3Cpath fill='%23fff' d='m19.63 
11.151-.757-1.71-.345 1.71-1.12 5.644h-1.827L18.083 4.7h.197l3.325 6.533.988 2.19.988-2.19L26.839 4.7h.181l2.6 
12.095h-1.81l-1.218-5.644-.362-1.71-.658 1.71-2.93 5.644h-.098l-2.913-5.644zm14.836 5.81q-1.02 0-1.893-.478a3.8 3.8 0 
0 1-1.381-1.382q-.51-.906-.51-2.106 0-1.185.444-2.074a3.36 3.36 0 0 1 1.3-1.382q.839-.494 1.974-.494a3.3 3.3 0 0 1 
1.234.231 3.3 3.3 0 0 1 .97.575q.396.33.527.659l.033-1.267h1.694v7.553H37.18l-.033-1.332q-.279.593-1.02 1.053a3.17 
3.17 0 0 1-1.662.444zm.296-1.482q.938 0 1.58-.642.642-.66.642-1.711v-.115q0-.708-.296-1.267a2.2 2.2 0 0 0-.807-.872 
2.1 2.1 0 0 0-1.119-.313q-1.053 0-1.629.692-.575.675-.575 1.76 0 1.103.559 1.795.577.675 
1.645.675zm6.521-6.237h1.711v1.4q.906-1.597 2.83-1.597 1.596 0 2.584 1.02.988 1.005.988 2.914 0 1.185-.493 2.09a3.46 
3.46 0 0 1-1.316 1.399 3.5 3.5 0 0 1-1.844.493q-.954 0-1.662-.329a2.67 2.67 0 0 1-1.086-.97l.017 5.134h-1.728zm4.048 
6.22q1.07 0 1.645-.674.577-.69.576-1.762 0-1.119-.576-1.777-.558-.675-1.645-.675-.592 
0-1.12.296-.51.28-.822.823-.296.527-.296 1.234v.115q0 .708.296 1.267.313.543.823.855.51.296 1.119.297z'/%3E%3Cpath 
fill='%23e1e3e9' d='M51.325 4.7h1.86v10.45h3.473v1.646h-5.333zm7.12 4.542h1.843v7.553h-1.843zm.905-1.415a1.16 1.16 0 0 
1-.856-.346 1.17 1.17 0 0 1-.346-.856 1.05 1.05 0 0 1 .346-.79q.346-.329.856-.329.494 0 .839.33a1.05 1.05 0 0 1 
.345.79 1.16 1.16 0 0 1-.345.855q-.33.346-.84.346zm7.875 9.133a3.17 3.17 0 0 1-1.662-.444q-.723-.46-1.004-1.053l-.033 
1.332h-1.71V4.701h1.743v4.657l-.082 1.283q.279-.658 1.086-1.119a3.5 3.5 0 0 1 1.778-.477q1.119 0 1.942.51a3.24 3.24 0 
0 1 1.283 1.4q.445.888.444 2.072 0 1.201-.526 2.09a3.5 3.5 0 0 1-1.382 1.366 3.8 3.8 0 0 
1-1.876.477zm-.296-1.481q1.069 0 1.645-.675.577-.69.577-1.778 0-1.102-.577-1.776-.56-.691-1.645-.692a2.12 2.12 0 0 
0-1.58.659q-.642.641-.642 1.694v.115q0 .71.296 1.267a2.4 2.4 0 0 0 .807.872 2.1 2.1 0 0 0 
1.119.313zm5.927-6.237h1.777v1.481q.263-.757.856-1.217a2.14 2.14 0 0 1 1.349-.46q.527 0 .724.098l-.247 
1.794q-.149-.099-.642-.099-.774 0-1.416.494-.626.493-.626 1.58v3.883h-1.777V9.242zm9.534 7.718q-1.35 
0-2.255-.526-.904-.543-1.332-1.432a4.6 4.6 0 0 1-.428-1.975q0-1.2.493-2.106a3.46 3.46 0 0 1 1.4-1.382q.889-.495 
2.007-.494 1.744 0 2.584.97.855.956.856 2.7 0 .444-.05.92h-5.43q.18 1.005.708 1.45.542.443 1.497.443.79 0 1.3-.131a4 4 
0 0 0 .938-.362l.542 
1.267q-.411.263-1.119.46-.708.198-1.711.197zm1.596-4.558q.016-1.02-.444-1.432-.46-.428-1.316-.428-1.728 0-1.991 
1.86z'/%3E%3Cpath d='M5.074 15.948a.484.657 0 0 0-.486.659v1.84a.484.657 0 0 0 .486.659h4.101a.484.657 0 0 0 
.486-.659v-1.84a.484.657 0 0 0-.486-.659zm3.56 1.16H5.617v.838h3.017z' 
style='fill:%23fff;fill-rule:evenodd;stroke-width:1.03600001'/%3E%3Cg style='stroke-width:1.12603545'%3E%3Cpath 
d='M-9.408-1.416c-3.833-.025-7.056 2.912-7.08 6.615-.02 3.08 1.653 4.832 3.107 6.268.903.892 1.721 1.74 2.32 
2.902l-.525-.004c-.543-.003-.992.304-1.24.639a1.87 1.87 0 0 0-.362 1.121l-.011 1.877c-.003.402.104.787.347 
1.125.244.338.688.653 1.23.656l4.142.028c.542.003.99-.306 1.238-.641a1.87 1.87 0 0 0 .363-1.121l.012-1.875a1.87 1.87 0 
0 0-.348-1.127c-.243-.338-.688-.653-1.23-.656l-.518-.004c.597-1.145 1.425-1.983 2.348-2.87 1.473-1.414 3.18-3.149 
3.2-6.226-.016-3.59-2.923-6.684-6.993-6.707m-.006 1.1v.002c3.274.02 5.92 2.532 5.9 5.6-.017 2.706-1.39 4.026-2.863 
5.44-1.034.994-2.118 2.033-2.814 3.633-.018.041-.052.055-.075.065q-.013.004-.02.01a.34.34 0 0 1-.226.084.34.34 0 0 
1-.224-.086l-.092-.077c-.699-1.615-1.768-2.669-2.781-3.67-1.454-1.435-2.797-2.762-2.78-5.478.02-3.067 2.7-5.545 
5.975-5.523m-.02 2.826c-1.62-.01-2.944 1.315-2.955 2.96-.01 1.646 1.295 2.988 2.916 2.999h.002c1.621.01 2.943-1.316 
2.953-2.961.011-1.646-1.294-2.988-2.916-2.998m-.005 1.1c1.017.006 1.829.83 1.822 1.89s-.83 1.874-1.848 
1.867c-1.018-.006-1.829-.83-1.822-1.89s.83-1.874 1.848-1.868m-2.155 11.857 4.14.025c.271.002.49.305.487.676l-.013 
1.875c-.003.37-.224.67-.495.668l-4.14-.025c-.27-.002-.487-.306-.485-.676l.012-1.875c.003-.37.224-.67.494-.668' style='c
olor:%23000;font-style:normal;font-variant:normal;font-weight:400;font-stretch:normal;font-size:medium;line-height:norm
al;font-family:sans-serif;font-variant-ligatures:normal;font-variant-position:normal;font-variant-caps:normal;font-vari
ant-numeric:normal;font-variant-alternates:normal;font-feature-settings:normal;text-indent:0;text-align:start;text-deco
ration:none;text-decoration-line:none;text-decoration-style:solid;text-decoration-color:%23000;letter-spacing:normal;wo
rd-spacing:normal;text-transform:none;writing-mode:lr-tb;direction:ltr;text-orientation:mixed;dominant-baseline:auto;ba
seline-shift:baseline;text-anchor:start;white-space:normal;shape-padding:0;clip-rule:evenodd;display:inline;overflow:vi
sible;visibility:visible;opacity:1;isolation:auto;mix-blend-mode:normal;color-interpolation:sRGB;color-interpolation-fi
lters:linearRGB;solid-color:%23000;solid-opacity:1;vector-effect:none;fill:%23000;fill-opacity:.4;fill-rule:evenodd;str
oke:none;stroke-width:2.47727823;stroke-linecap:butt;stroke-linejoin:miter;stroke-miterlimit:4;stroke-dasharray:none;st
roke-dashoffset:0;stroke-opacity:1;color-rendering:auto;image-rendering:auto;shape-rendering:auto;text-rendering:auto' 
transform='translate(15.553 2.85)scale(.88807)'/%3E%3Cpath d='M-9.415-.316C-12.69-.338-15.37 2.14-15.39 5.207c-.017 
2.716 1.326 4.041 2.78 5.477 1.013 1 2.081 2.055 2.78 3.67l.092.076a.34.34 0 0 0 .225.086.34.34 0 0 0 
.227-.083l.019-.01c.022-.009.057-.024.074-.064.697-1.6 1.78-2.64 2.814-3.634 1.473-1.414 2.847-2.733 
2.864-5.44.02-3.067-2.627-5.58-5.901-5.601m-.057 8.784c1.621.011 2.944-1.315 
2.955-2.96.01-1.646-1.295-2.988-2.916-2.999-1.622-.01-2.945 1.315-2.955 2.96s1.295 2.989 2.916 3' style='clip-rule:even
odd;fill:%23e1e3e9;fill-opacity:1;fill-rule:evenodd;stroke:none;stroke-width:2.47727823;stroke-miterlimit:4;stroke-dash
array:none;stroke-opacity:.4' transform='translate(15.553 2.85)scale(.88807)'/%3E%3Cpath d='M-11.594 
15.465c-.27-.002-.492.297-.494.668l-.012 
1.876c-.003.371.214.673.485.675l4.14.027c.271.002.492-.298.495-.668l.012-1.877c.003-.37-.215-.672-.485-.674z' style='cl
ip-rule:evenodd;fill:%23fff;fill-opacity:1;fill-rule:evenodd;stroke:none;stroke-width:2.47727823;stroke-miterlimit:4;st
roke-dasharray:none;stroke-opacity:.4' transform='translate(15.553 2.85)scale(.88807)'/%3E%3C/g%3E%3C/svg%3E");backgrou
nd-repeat:no-repeat;cursor:pointer;display:block;height:23px;margin:0 0 -4px 
-4px;overflow:hidden;width:88px}a.maplibregl-ctrl-logo.maplibregl-compact{width:14px}@media (forced-colors:active){a.ma
plibregl-ctrl-logo{background-color:transparent;background-image:url("data:image/svg+xml;charset=utf-8,%3Csvg 
xmlns='http://www.w3.org/2000/svg' width='88' height='23' fill='none'%3E%3Cpath fill='%23000' fill-opacity='.4' 
fill-rule='evenodd' d='M17.408 16.796h-1.827l2.501-12.095h.198l3.324 6.533.988 2.19.988-2.19 3.258-6.533h.181l2.6 
12.095h-1.81l-1.218-5.644-.362-1.71-.658 1.71-2.929 5.644h-.098l-2.914-5.644-.757-1.71-.345 1.71zm1.958-3.42-.726 
3.663a1.255 1.255 0 0 1-1.232 1.011h-1.827a1.255 1.255 0 0 1-1.229-1.509l2.501-12.095a1.255 1.255 0 0 1 
1.23-1.001h.197a1.25 1.25 0 0 1 1.12.685l3.19 6.273 3.125-6.263a1.25 1.25 0 0 1 1.123-.695h.181a1.255 1.255 0 0 1 
1.227.991l1.443 6.71a5 5 0 0 1 .314-.787l.009-.016a4.6 4.6 0 0 1 1.777-1.887c.782-.46 1.668-.667 2.611-.667a4.6 4.6 0 
0 1 1.7.32l.306.134c.21-.16.474-.256.759-.256h1.694a1.255 1.255 0 0 1 1.212.925 1.255 1.255 0 0 1 
1.212-.925h1.711c.284 0 .545.094.755.252.613-.3 1.312-.45 2.075-.45 1.356 0 2.557.445 3.482 1.4q.47.48.763 
1.064V4.701a1.255 1.255 0 0 1 1.255-1.255h1.86A1.255 1.255 0 0 1 54.44 4.7v9.194h2.217c.19 0 
.37.043.532.118v-4.77c0-.356.147-.678.385-.906a2.42 2.42 0 0 1-.682-1.71c0-.665.267-1.253.735-1.7a2.45 2.45 0 0 1 
1.722-.674 2.43 2.43 0 0 1 1.705.675q.318.302.504.683V4.7a1.255 1.255 0 0 1 1.255-1.255h1.744A1.255 1.255 0 0 1 65.812 
4.7v3.335a4.8 4.8 0 0 1 1.526-.246c.938 0 1.817.214 2.59.69a4.47 4.47 0 0 1 1.67 1.743v-.98a1.255 1.255 0 0 1 
1.256-1.256h1.777c.233 0 .451.064.639.174a3.4 3.4 0 0 1 1.567-.372c.346 0 .861.02 1.285.232a1.25 1.25 0 0 1 .689 1.004 
4.7 4.7 0 0 1 .853-.588c.795-.44 1.675-.647 2.61-.647 1.385 0 2.65.39 3.525 1.396.836.938 1.168 2.173 1.168 
3.528q-.001.515-.056 1.051a1.255 1.255 0 0 1-.947 1.09l.408.952a1.255 1.255 0 0 1-.477 
1.552c-.418.268-.92.463-1.458.612-.613.171-1.304.244-2.049.244-1.06 
0-2.043-.207-2.886-.698l-.015-.008c-.798-.48-1.419-1.135-1.818-1.963l-.004-.008a5.8 5.8 0 0 
1-.548-2.512q0-.429.053-.843a1.3 1.3 0 0 1-.333-.086l-.166-.004c-.223 
0-.426.062-.643.228-.03.024-.142.139-.142.59v3.883a1.255 1.255 0 0 1-1.256 1.256h-1.777a1.255 1.255 0 0 
1-1.256-1.256V15.69l-.032.057a4.8 4.8 0 0 1-1.86 1.833 5.04 5.04 0 0 1-2.484.634 4.5 4.5 0 0 1-1.935-.424 1.25 1.25 0 
0 1-.764.258h-1.71a1.255 1.255 0 0 1-1.256-1.255V7.687a2.4 2.4 0 0 1-.428.625c.253.23.412.561.412.93v7.553a1.255 1.255 
0 0 1-1.256 1.255h-1.843a1.25 1.25 0 0 1-.894-.373c-.228.23-.544.373-.894.373H51.32a1.255 1.255 0 0 
1-1.256-1.255v-1.251l-.061.117a4.7 4.7 0 0 1-1.782 1.884 4.77 4.77 0 0 1-2.485.67 5.6 5.6 0 0 1-1.485-.188l.009 
2.764a1.255 1.255 0 0 1-1.255 1.259h-1.729a1.255 1.255 0 0 1-1.255-1.255v-3.537a1.255 1.255 0 0 
1-1.167.793h-1.679a1.25 1.25 0 0 1-.77-.263 4.5 4.5 0 0 1-1.945.429c-.885 0-1.724-.21-2.495-.632l-.017-.01a5 5 0 0 
1-1.081-.836 1.255 1.255 0 0 1-1.254 1.312h-1.81a1.255 1.255 0 0 1-1.228-.99l-.782-3.625-2.044 3.939a1.25 1.25 0 0 
1-1.115.676h-.098a1.25 1.25 0 0 1-1.116-.68l-2.061-3.994zM35.92 
16.63l.207-.114.223-.15q.493-.356.735-.785l.061-.118.033 1.332h1.678V9.242h-1.694l-.033 
1.267q-.133-.329-.526-.658l-.032-.028a3.2 3.2 0 0 0-.668-.428l-.27-.12a3.3 3.3 0 0 
0-1.235-.23q-1.136-.001-1.974.493a3.36 3.36 0 0 0-1.3 1.382q-.445.89-.444 2.074 0 1.2.51 2.107a3.8 3.8 0 0 0 1.382 
1.381 3.9 3.9 0 0 0 1.893.477q.795 0 1.455-.33zm-2.789-5.38q-.576.675-.575 1.762 0 1.102.559 1.794.576.675 
1.645.675a2.25 2.25 0 0 0 .934-.19 2.2 2.2 0 0 0 .468-.29l.178-.161a2.2 2.2 0 0 0 
.397-.561q.244-.5.244-1.15v-.115q0-.708-.296-1.267l-.043-.077a2.2 2.2 0 0 0-.633-.709l-.13-.086-.047-.028a2.1 2.1 0 0 
0-1.073-.285q-1.052 0-1.629.692zm2.316 2.706c.163-.17.28-.407.28-.83v-.114c0-.292-.06-.508-.15-.68a.96.96 0 0 
0-.353-.389.85.85 0 0 0-.464-.127c-.4 0-.56.114-.664.239l-.01.012c-.148.174-.275.45-.275.945 0 
.506.122.801.27.99.097.11.266.224.68.224.303 0 .504-.09.687-.269zm7.545 1.705a2.6 2.6 0 0 0 
.331.423q.319.33.755.548l.173.074q.65.255 1.49.255 1.02 0 1.844-.493a3.45 3.45 0 0 0 1.316-1.4q.493-.904.493-2.089 
0-1.909-.988-2.913-.988-1.02-2.584-1.02-.898 0-1.575.347a3 3 0 0 0-.415.262l-.199.166a3.4 3.4 0 0 
0-.64.82V9.242h-1.712v11.553h1.729l-.017-5.134zm.53-1.138q.206.29.48.5l.155.11.053.034q.51.296 1.119.297 1.07 0 
1.645-.675.577-.69.576-1.762 0-1.119-.576-1.777-.558-.675-1.645-.675-.435 0-.835.16a2 2 0 0 0-.284.136 2 2 0 0 
0-.363.254 2.2 2.2 0 0 0-.46.569l-.082.162a2.6 2.6 0 0 0-.213 1.072v.115q0 .707.296 1.267l.135.211zm.964-.818a1.1 1.1 
0 0 0 .367.385.94.94 0 0 0 .476.118c.423 0 .59-.117.687-.23.159-.194.28-.478.28-.95 
0-.53-.133-.8-.266-.952l-.021-.025c-.078-.094-.231-.221-.68-.221a1 1 0 0 0-.503.135l-.012.007a.86.86 0 0 
0-.335.343c-.073.133-.132.324-.132.614v.115a1.4 1.4 0 0 0 .14.66zm15.7-6.222q.347-.346.346-.856a1.05 1.05 0 0 
0-.345-.79 1.18 1.18 0 0 0-.84-.329q-.51 0-.855.33a1.05 1.05 0 0 0-.346.79q0 .51.346.855.345.346.856.346.51 0 
.839-.346zm4.337 9.314.033-1.332q.191.403.59.747l.098.081a4 4 0 0 0 .316.224l.223.122a3.2 3.2 0 0 0 1.44.322 3.8 3.8 0 
0 0 1.875-.477 3.5 3.5 0 0 0 1.382-1.366q.527-.89.526-2.09 0-1.184-.444-2.073a3.24 3.24 0 0 
0-1.283-1.399q-.823-.51-1.942-.51a3.5 3.5 0 0 0-1.527.344l-.086.043-.165.09a3 3 0 0 0-.33.214q-.432.315-.656.707a2 2 0 
0 0-.099.198l.082-1.283V4.701h-1.744v12.095zm.473-2.509a2.5 2.5 0 0 0 .566.7q.117.098.245.18l.144.08a2.1 2.1 0 0 0 
.975.232q1.07 0 1.645-.675.576-.69.576-1.778 0-1.102-.576-1.777-.56-.691-1.645-.692a2.2 2.2 0 0 
0-1.015.235q-.22.113-.415.282l-.15.142a2.1 2.1 0 0 0-.42.594q-.223.479-.223 1.1v.115q0 .705.293 
1.26zm2.616-.293c.157-.191.28-.479.28-.967 0-.51-.13-.79-.276-.961l-.021-.026c-.082-.1-.232-.225-.67-.225a.87.87 0 0 
0-.681.279l-.012.011c-.154.155-.274.38-.274.807v.115c0 .285.057.499.144.669a1.1 1.1 0 0 0 
.367.405c.137.082.28.123.455.123.423 0 .59-.118.686-.23zm8.266-3.013q.345-.13.724-.14l.069-.002q.493 0 
.642.099l.247-1.794q-.196-.099-.717-.099a2.3 2.3 0 0 0-.545.063 2 2 0 0 0-.411.148 2.2 2.2 0 0 0-.4.249 2.5 2.5 0 0 
0-.485.499 2.7 2.7 0 0 0-.32.581l-.05.137v-1.48h-1.778v7.553h1.777v-3.884q0-.546.159-.943a1.5 1.5 0 0 1 .466-.636 2.5 
2.5 0 0 1 .399-.253 2 2 0 0 1 .224-.099zm9.784 
2.656.05-.922q0-1.743-.856-2.698-.838-.97-2.584-.97-1.119-.001-2.007.493a3.46 3.46 0 0 0-1.4 1.382q-.493.906-.493 
2.106 0 1.07.428 1.975.428.89 1.332 1.432.906.526 2.255.526.973 0 
1.668-.185l.044-.012.135-.04q.613-.184.984-.421l-.542-1.267q-.3.162-.642.274l-.297.087q-.51.131-1.3.131-.954 
0-1.497-.444a1.6 1.6 0 0 
1-.192-.193q-.366-.44-.512-1.234l-.004-.021zm-5.427-1.256-.003.022h3.752v-.138q-.011-.727-.288-1.118a1 1 0 0 
0-.156-.176q-.46-.428-1.316-.428-.986 0-1.494.604-.379.45-.494 1.234zm-27.053 
2.77V4.7h-1.86v12.095h5.333V15.15zm7.103-5.908v7.553h-1.843V9.242h1.843z'/%3E%3Cpath fill='%23fff' d='m19.63 
11.151-.757-1.71-.345 1.71-1.12 5.644h-1.827L18.083 4.7h.197l3.325 6.533.988 2.19.988-2.19L26.839 4.7h.181l2.6 
12.095h-1.81l-1.218-5.644-.362-1.71-.658 1.71-2.93 5.644h-.098l-2.913-5.644zm14.836 5.81q-1.02 0-1.893-.478a3.8 3.8 0 
0 1-1.381-1.382q-.51-.906-.51-2.106 0-1.185.444-2.074a3.36 3.36 0 0 1 1.3-1.382q.839-.494 1.974-.494a3.3 3.3 0 0 1 
1.234.231 3.3 3.3 0 0 1 .97.575q.396.33.527.659l.033-1.267h1.694v7.553H37.18l-.033-1.332q-.279.593-1.02 1.053a3.17 
3.17 0 0 1-1.662.444zm.296-1.482q.938 0 1.58-.642.642-.66.642-1.711v-.115q0-.708-.296-1.267a2.2 2.2 0 0 0-.807-.872 
2.1 2.1 0 0 0-1.119-.313q-1.053 0-1.629.692-.575.675-.575 1.76 0 1.103.559 1.795.577.675 
1.645.675zm6.521-6.237h1.711v1.4q.906-1.597 2.83-1.597 1.596 0 2.584 1.02.988 1.005.988 2.914 0 1.185-.493 2.09a3.46 
3.46 0 0 1-1.316 1.399 3.5 3.5 0 0 1-1.844.493q-.954 0-1.662-.329a2.67 2.67 0 0 1-1.086-.97l.017 5.134h-1.728zm4.048 
6.22q1.07 0 1.645-.674.577-.69.576-1.762 0-1.119-.576-1.777-.558-.675-1.645-.675-.592 
0-1.12.296-.51.28-.822.823-.296.527-.296 1.234v.115q0 .708.296 1.267.313.543.823.855.51.296 1.119.297z'/%3E%3Cpath 
fill='%23e1e3e9' d='M51.325 4.7h1.86v10.45h3.473v1.646h-5.333zm7.12 4.542h1.843v7.553h-1.843zm.905-1.415a1.16 1.16 0 0 
1-.856-.346 1.17 1.17 0 0 1-.346-.856 1.05 1.05 0 0 1 .346-.79q.346-.329.856-.329.494 0 .839.33a1.05 1.05 0 0 1 
.345.79 1.16 1.16 0 0 1-.345.855q-.33.346-.84.346zm7.875 9.133a3.17 3.17 0 0 1-1.662-.444q-.723-.46-1.004-1.053l-.033 
1.332h-1.71V4.701h1.743v4.657l-.082 1.283q.279-.658 1.086-1.119a3.5 3.5 0 0 1 1.778-.477q1.119 0 1.942.51a3.24 3.24 0 
0 1 1.283 1.4q.445.888.444 2.072 0 1.201-.526 2.09a3.5 3.5 0 0 1-1.382 1.366 3.8 3.8 0 0 
1-1.876.477zm-.296-1.481q1.069 0 1.645-.675.577-.69.577-1.778 0-1.102-.577-1.776-.56-.691-1.645-.692a2.12 2.12 0 0 
0-1.58.659q-.642.641-.642 1.694v.115q0 .71.296 1.267a2.4 2.4 0 0 0 .807.872 2.1 2.1 0 0 0 
1.119.313zm5.927-6.237h1.777v1.481q.263-.757.856-1.217a2.14 2.14 0 0 1 1.349-.46q.527 0 .724.098l-.247 
1.794q-.149-.099-.642-.099-.774 0-1.416.494-.626.493-.626 1.58v3.883h-1.777V9.242zm9.534 7.718q-1.35 
0-2.255-.526-.904-.543-1.332-1.432a4.6 4.6 0 0 1-.428-1.975q0-1.2.493-2.106a3.46 3.46 0 0 1 1.4-1.382q.889-.495 
2.007-.494 1.744 0 2.584.97.855.956.856 2.7 0 .444-.05.92h-5.43q.18 1.005.708 1.45.542.443 1.497.443.79 0 1.3-.131a4 4 
0 0 0 .938-.362l.542 
1.267q-.411.263-1.119.46-.708.198-1.711.197zm1.596-4.558q.016-1.02-.444-1.432-.46-.428-1.316-.428-1.728 0-1.991 
1.86z'/%3E%3Cpath d='M5.074 15.948a.484.657 0 0 0-.486.659v1.84a.484.657 0 0 0 .486.659h4.101a.484.657 0 0 0 
.486-.659v-1.84a.484.657 0 0 0-.486-.659zm3.56 1.16H5.617v.838h3.017z' 
style='fill:%23fff;fill-rule:evenodd;stroke-width:1.03600001'/%3E%3Cg style='stroke-width:1.12603545'%3E%3Cpath 
d='M-9.408-1.416c-3.833-.025-7.056 2.912-7.08 6.615-.02 3.08 1.653 4.832 3.107 6.268.903.892 1.721 1.74 2.32 
2.902l-.525-.004c-.543-.003-.992.304-1.24.639a1.87 1.87 0 0 0-.362 1.121l-.011 1.877c-.003.402.104.787.347 
1.125.244.338.688.653 1.23.656l4.142.028c.542.003.99-.306 1.238-.641a1.87 1.87 0 0 0 .363-1.121l.012-1.875a1.87 1.87 0 
0 0-.348-1.127c-.243-.338-.688-.653-1.23-.656l-.518-.004c.597-1.145 1.425-1.983 2.348-2.87 1.473-1.414 3.18-3.149 
3.2-6.226-.016-3.59-2.923-6.684-6.993-6.707m-.006 1.1v.002c3.274.02 5.92 2.532 5.9 5.6-.017 2.706-1.39 4.026-2.863 
5.44-1.034.994-2.118 2.033-2.814 3.633-.018.041-.052.055-.075.065q-.013.004-.02.01a.34.34 0 0 1-.226.084.34.34 0 0 
1-.224-.086l-.092-.077c-.699-1.615-1.768-2.669-2.781-3.67-1.454-1.435-2.797-2.762-2.78-5.478.02-3.067 2.7-5.545 
5.975-5.523m-.02 2.826c-1.62-.01-2.944 1.315-2.955 2.96-.01 1.646 1.295 2.988 2.916 2.999h.002c1.621.01 2.943-1.316 
2.953-2.961.011-1.646-1.294-2.988-2.916-2.998m-.005 1.1c1.017.006 1.829.83 1.822 1.89s-.83 1.874-1.848 
1.867c-1.018-.006-1.829-.83-1.822-1.89s.83-1.874 1.848-1.868m-2.155 11.857 4.14.025c.271.002.49.305.487.676l-.013 
1.875c-.003.37-.224.67-.495.668l-4.14-.025c-.27-.002-.487-.306-.485-.676l.012-1.875c.003-.37.224-.67.494-.668' style='c
olor:%23000;font-style:normal;font-variant:normal;font-weight:400;font-stretch:normal;font-size:medium;line-height:norm
al;font-family:sans-serif;font-variant-ligatures:normal;font-variant-position:normal;font-variant-caps:normal;font-vari
ant-numeric:normal;font-variant-alternates:normal;font-feature-settings:normal;text-indent:0;text-align:start;text-deco
ration:none;text-decoration-line:none;text-decoration-style:solid;text-decoration-color:%23000;letter-spacing:normal;wo
rd-spacing:normal;text-transform:none;writing-mode:lr-tb;direction:ltr;text-orientation:mixed;dominant-baseline:auto;ba
seline-shift:baseline;text-anchor:start;white-space:normal;shape-padding:0;clip-rule:evenodd;display:inline;overflow:vi
sible;visibility:visible;opacity:1;isolation:auto;mix-blend-mode:normal;color-interpolation:sRGB;color-interpolation-fi
lters:linearRGB;solid-color:%23000;solid-opacity:1;vector-effect:none;fill:%23000;fill-opacity:.4;fill-rule:evenodd;str
oke:none;stroke-width:2.47727823;stroke-linecap:butt;stroke-linejoin:miter;stroke-miterlimit:4;stroke-dasharray:none;st
roke-dashoffset:0;stroke-opacity:1;color-rendering:auto;image-rendering:auto;shape-rendering:auto;text-rendering:auto' 
transform='translate(15.553 2.85)scale(.88807)'/%3E%3Cpath d='M-9.415-.316C-12.69-.338-15.37 2.14-15.39 5.207c-.017 
2.716 1.326 4.041 2.78 5.477 1.013 1 2.081 2.055 2.78 3.67l.092.076a.34.34 0 0 0 .225.086.34.34 0 0 0 
.227-.083l.019-.01c.022-.009.057-.024.074-.064.697-1.6 1.78-2.64 2.814-3.634 1.473-1.414 2.847-2.733 
2.864-5.44.02-3.067-2.627-5.58-5.901-5.601m-.057 8.784c1.621.011 2.944-1.315 
2.955-2.96.01-1.646-1.295-2.988-2.916-2.999-1.622-.01-2.945 1.315-2.955 2.96s1.295 2.989 2.916 3' style='clip-rule:even
odd;fill:%23e1e3e9;fill-opacity:1;fill-rule:evenodd;stroke:none;stroke-width:2.47727823;stroke-miterlimit:4;stroke-dash
array:none;stroke-opacity:.4' transform='translate(15.553 2.85)scale(.88807)'/%3E%3Cpath d='M-11.594 
15.465c-.27-.002-.492.297-.494.668l-.012 
1.876c-.003.371.214.673.485.675l4.14.027c.271.002.492-.298.495-.668l.012-1.877c.003-.37-.215-.672-.485-.674z' style='cl
ip-rule:evenodd;fill:%23fff;fill-opacity:1;fill-rule:evenodd;stroke:none;stroke-width:2.47727823;stroke-miterlimit:4;st
roke-dasharray:none;stroke-opacity:.4' transform='translate(15.553 2.85)scale(.88807)'/%3E%3C/g%3E%3C/svg%3E")}}@media 
(forced-colors:active) and 
(prefers-color-scheme:light){a.maplibregl-ctrl-logo{background-image:url("data:image/svg+xml;charset=utf-8,%3Csvg 
xmlns='http://www.w3.org/2000/svg' width='88' height='23' fill='none'%3E%3Cpath fill='%23000' fill-opacity='.4' 
fill-rule='evenodd' d='M17.408 16.796h-1.827l2.501-12.095h.198l3.324 6.533.988 2.19.988-2.19 3.258-6.533h.181l2.6 
12.095h-1.81l-1.218-5.644-.362-1.71-.658 1.71-2.929 5.644h-.098l-2.914-5.644-.757-1.71-.345 1.71zm1.958-3.42-.726 
3.663a1.255 1.255 0 0 1-1.232 1.011h-1.827a1.255 1.255 0 0 1-1.229-1.509l2.501-12.095a1.255 1.255 0 0 1 
1.23-1.001h.197a1.25 1.25 0 0 1 1.12.685l3.19 6.273 3.125-6.263a1.25 1.25 0 0 1 1.123-.695h.181a1.255 1.255 0 0 1 
1.227.991l1.443 6.71a5 5 0 0 1 .314-.787l.009-.016a4.6 4.6 0 0 1 1.777-1.887c.782-.46 1.668-.667 2.611-.667a4.6 4.6 0 
0 1 1.7.32l.306.134c.21-.16.474-.256.759-.256h1.694a1.255 1.255 0 0 1 1.212.925 1.255 1.255 0 0 1 
1.212-.925h1.711c.284 0 .545.094.755.252.613-.3 1.312-.45 2.075-.45 1.356 0 2.557.445 3.482 1.4q.47.48.763 
1.064V4.701a1.255 1.255 0 0 1 1.255-1.255h1.86A1.255 1.255 0 0 1 54.44 4.7v9.194h2.217c.19 0 
.37.043.532.118v-4.77c0-.356.147-.678.385-.906a2.42 2.42 0 0 1-.682-1.71c0-.665.267-1.253.735-1.7a2.45 2.45 0 0 1 
1.722-.674 2.43 2.43 0 0 1 1.705.675q.318.302.504.683V4.7a1.255 1.255 0 0 1 1.255-1.255h1.744A1.255 1.255 0 0 1 65.812 
4.7v3.335a4.8 4.8 0 0 1 1.526-.246c.938 0 1.817.214 2.59.69a4.47 4.47 0 0 1 1.67 1.743v-.98a1.255 1.255 0 0 1 
1.256-1.256h1.777c.233 0 .451.064.639.174a3.4 3.4 0 0 1 1.567-.372c.346 0 .861.02 1.285.232a1.25 1.25 0 0 1 .689 1.004 
4.7 4.7 0 0 1 .853-.588c.795-.44 1.675-.647 2.61-.647 1.385 0 2.65.39 3.525 1.396.836.938 1.168 2.173 1.168 
3.528q-.001.515-.056 1.051a1.255 1.255 0 0 1-.947 1.09l.408.952a1.255 1.255 0 0 1-.477 
1.552c-.418.268-.92.463-1.458.612-.613.171-1.304.244-2.049.244-1.06 
0-2.043-.207-2.886-.698l-.015-.008c-.798-.48-1.419-1.135-1.818-1.963l-.004-.008a5.8 5.8 0 0 
1-.548-2.512q0-.429.053-.843a1.3 1.3 0 0 1-.333-.086l-.166-.004c-.223 
0-.426.062-.643.228-.03.024-.142.139-.142.59v3.883a1.255 1.255 0 0 1-1.256 1.256h-1.777a1.255 1.255 0 0 
1-1.256-1.256V15.69l-.032.057a4.8 4.8 0 0 1-1.86 1.833 5.04 5.04 0 0 1-2.484.634 4.5 4.5 0 0 1-1.935-.424 1.25 1.25 0 
0 1-.764.258h-1.71a1.255 1.255 0 0 1-1.256-1.255V7.687a2.4 2.4 0 0 1-.428.625c.253.23.412.561.412.93v7.553a1.255 1.255 
0 0 1-1.256 1.255h-1.843a1.25 1.25 0 0 1-.894-.373c-.228.23-.544.373-.894.373H51.32a1.255 1.255 0 0 
1-1.256-1.255v-1.251l-.061.117a4.7 4.7 0 0 1-1.782 1.884 4.77 4.77 0 0 1-2.485.67 5.6 5.6 0 0 1-1.485-.188l.009 
2.764a1.255 1.255 0 0 1-1.255 1.259h-1.729a1.255 1.255 0 0 1-1.255-1.255v-3.537a1.255 1.255 0 0 
1-1.167.793h-1.679a1.25 1.25 0 0 1-.77-.263 4.5 4.5 0 0 1-1.945.429c-.885 0-1.724-.21-2.495-.632l-.017-.01a5 5 0 0 
1-1.081-.836 1.255 1.255 0 0 1-1.254 1.312h-1.81a1.255 1.255 0 0 1-1.228-.99l-.782-3.625-2.044 3.939a1.25 1.25 0 0 
1-1.115.676h-.098a1.25 1.25 0 0 1-1.116-.68l-2.061-3.994zM35.92 
16.63l.207-.114.223-.15q.493-.356.735-.785l.061-.118.033 1.332h1.678V9.242h-1.694l-.033 
1.267q-.133-.329-.526-.658l-.032-.028a3.2 3.2 0 0 0-.668-.428l-.27-.12a3.3 3.3 0 0 
0-1.235-.23q-1.136-.001-1.974.493a3.36 3.36 0 0 0-1.3 1.382q-.445.89-.444 2.074 0 1.2.51 2.107a3.8 3.8 0 0 0 1.382 
1.381 3.9 3.9 0 0 0 1.893.477q.795 0 1.455-.33zm-2.789-5.38q-.576.675-.575 1.762 0 1.102.559 1.794.576.675 
1.645.675a2.25 2.25 0 0 0 .934-.19 2.2 2.2 0 0 0 .468-.29l.178-.161a2.2 2.2 0 0 0 
.397-.561q.244-.5.244-1.15v-.115q0-.708-.296-1.267l-.043-.077a2.2 2.2 0 0 0-.633-.709l-.13-.086-.047-.028a2.1 2.1 0 0 
0-1.073-.285q-1.052 0-1.629.692zm2.316 2.706c.163-.17.28-.407.28-.83v-.114c0-.292-.06-.508-.15-.68a.96.96 0 0 
0-.353-.389.85.85 0 0 0-.464-.127c-.4 0-.56.114-.664.239l-.01.012c-.148.174-.275.45-.275.945 0 
.506.122.801.27.99.097.11.266.224.68.224.303 0 .504-.09.687-.269zm7.545 1.705a2.6 2.6 0 0 0 
.331.423q.319.33.755.548l.173.074q.65.255 1.49.255 1.02 0 1.844-.493a3.45 3.45 0 0 0 1.316-1.4q.493-.904.493-2.089 
0-1.909-.988-2.913-.988-1.02-2.584-1.02-.898 0-1.575.347a3 3 0 0 0-.415.262l-.199.166a3.4 3.4 0 0 
0-.64.82V9.242h-1.712v11.553h1.729l-.017-5.134zm.53-1.138q.206.29.48.5l.155.11.053.034q.51.296 1.119.297 1.07 0 
1.645-.675.577-.69.576-1.762 0-1.119-.576-1.777-.558-.675-1.645-.675-.435 0-.835.16a2 2 0 0 0-.284.136 2 2 0 0 
0-.363.254 2.2 2.2 0 0 0-.46.569l-.082.162a2.6 2.6 0 0 0-.213 1.072v.115q0 .707.296 1.267l.135.211zm.964-.818a1.1 1.1 
0 0 0 .367.385.94.94 0 0 0 .476.118c.423 0 .59-.117.687-.23.159-.194.28-.478.28-.95 
0-.53-.133-.8-.266-.952l-.021-.025c-.078-.094-.231-.221-.68-.221a1 1 0 0 0-.503.135l-.012.007a.86.86 0 0 
0-.335.343c-.073.133-.132.324-.132.614v.115a1.4 1.4 0 0 0 .14.66zm15.7-6.222q.347-.346.346-.856a1.05 1.05 0 0 
0-.345-.79 1.18 1.18 0 0 0-.84-.329q-.51 0-.855.33a1.05 1.05 0 0 0-.346.79q0 .51.346.855.345.346.856.346.51 0 
.839-.346zm4.337 9.314.033-1.332q.191.403.59.747l.098.081a4 4 0 0 0 .316.224l.223.122a3.2 3.2 0 0 0 1.44.322 3.8 3.8 0 
0 0 1.875-.477 3.5 3.5 0 0 0 1.382-1.366q.527-.89.526-2.09 0-1.184-.444-2.073a3.24 3.24 0 0 
0-1.283-1.399q-.823-.51-1.942-.51a3.5 3.5 0 0 0-1.527.344l-.086.043-.165.09a3 3 0 0 0-.33.214q-.432.315-.656.707a2 2 0 
0 0-.099.198l.082-1.283V4.701h-1.744v12.095zm.473-2.509a2.5 2.5 0 0 0 .566.7q.117.098.245.18l.144.08a2.1 2.1 0 0 0 
.975.232q1.07 0 1.645-.675.576-.69.576-1.778 0-1.102-.576-1.777-.56-.691-1.645-.692a2.2 2.2 0 0 
0-1.015.235q-.22.113-.415.282l-.15.142a2.1 2.1 0 0 0-.42.594q-.223.479-.223 1.1v.115q0 .705.293 
1.26zm2.616-.293c.157-.191.28-.479.28-.967 0-.51-.13-.79-.276-.961l-.021-.026c-.082-.1-.232-.225-.67-.225a.87.87 0 0 
0-.681.279l-.012.011c-.154.155-.274.38-.274.807v.115c0 .285.057.499.144.669a1.1 1.1 0 0 0 
.367.405c.137.082.28.123.455.123.423 0 .59-.118.686-.23zm8.266-3.013q.345-.13.724-.14l.069-.002q.493 0 
.642.099l.247-1.794q-.196-.099-.717-.099a2.3 2.3 0 0 0-.545.063 2 2 0 0 0-.411.148 2.2 2.2 0 0 0-.4.249 2.5 2.5 0 0 
0-.485.499 2.7 2.7 0 0 0-.32.581l-.05.137v-1.48h-1.778v7.553h1.777v-3.884q0-.546.159-.943a1.5 1.5 0 0 1 .466-.636 2.5 
2.5 0 0 1 .399-.253 2 2 0 0 1 .224-.099zm9.784 
2.656.05-.922q0-1.743-.856-2.698-.838-.97-2.584-.97-1.119-.001-2.007.493a3.46 3.46 0 0 0-1.4 1.382q-.493.906-.493 
2.106 0 1.07.428 1.975.428.89 1.332 1.432.906.526 2.255.526.973 0 
1.668-.185l.044-.012.135-.04q.613-.184.984-.421l-.542-1.267q-.3.162-.642.274l-.297.087q-.51.131-1.3.131-.954 
0-1.497-.444a1.6 1.6 0 0 
1-.192-.193q-.366-.44-.512-1.234l-.004-.021zm-5.427-1.256-.003.022h3.752v-.138q-.011-.727-.288-1.118a1 1 0 0 
0-.156-.176q-.46-.428-1.316-.428-.986 0-1.494.604-.379.45-.494 1.234zm-27.053 
2.77V4.7h-1.86v12.095h5.333V15.15zm7.103-5.908v7.553h-1.843V9.242h1.843z'/%3E%3Cpath fill='%23fff' d='m19.63 
11.151-.757-1.71-.345 1.71-1.12 5.644h-1.827L18.083 4.7h.197l3.325 6.533.988 2.19.988-2.19L26.839 4.7h.181l2.6 
12.095h-1.81l-1.218-5.644-.362-1.71-.658 1.71-2.93 5.644h-.098l-2.913-5.644zm14.836 5.81q-1.02 0-1.893-.478a3.8 3.8 0 
0 1-1.381-1.382q-.51-.906-.51-2.106 0-1.185.444-2.074a3.36 3.36 0 0 1 1.3-1.382q.839-.494 1.974-.494a3.3 3.3 0 0 1 
1.234.231 3.3 3.3 0 0 1 .97.575q.396.33.527.659l.033-1.267h1.694v7.553H37.18l-.033-1.332q-.279.593-1.02 1.053a3.17 
3.17 0 0 1-1.662.444zm.296-1.482q.938 0 1.58-.642.642-.66.642-1.711v-.115q0-.708-.296-1.267a2.2 2.2 0 0 0-.807-.872 
2.1 2.1 0 0 0-1.119-.313q-1.053 0-1.629.692-.575.675-.575 1.76 0 1.103.559 1.795.577.675 
1.645.675zm6.521-6.237h1.711v1.4q.906-1.597 2.83-1.597 1.596 0 2.584 1.02.988 1.005.988 2.914 0 1.185-.493 2.09a3.46 
3.46 0 0 1-1.316 1.399 3.5 3.5 0 0 1-1.844.493q-.954 0-1.662-.329a2.67 2.67 0 0 1-1.086-.97l.017 5.134h-1.728zm4.048 
6.22q1.07 0 1.645-.674.577-.69.576-1.762 0-1.119-.576-1.777-.558-.675-1.645-.675-.592 
0-1.12.296-.51.28-.822.823-.296.527-.296 1.234v.115q0 .708.296 1.267.313.543.823.855.51.296 1.119.297z'/%3E%3Cpath 
fill='%23e1e3e9' d='M51.325 4.7h1.86v10.45h3.473v1.646h-5.333zm7.12 4.542h1.843v7.553h-1.843zm.905-1.415a1.16 1.16 0 0 
1-.856-.346 1.17 1.17 0 0 1-.346-.856 1.05 1.05 0 0 1 .346-.79q.346-.329.856-.329.494 0 .839.33a1.05 1.05 0 0 1 
.345.79 1.16 1.16 0 0 1-.345.855q-.33.346-.84.346zm7.875 9.133a3.17 3.17 0 0 1-1.662-.444q-.723-.46-1.004-1.053l-.033 
1.332h-1.71V4.701h1.743v4.657l-.082 1.283q.279-.658 1.086-1.119a3.5 3.5 0 0 1 1.778-.477q1.119 0 1.942.51a3.24 3.24 0 
0 1 1.283 1.4q.445.888.444 2.072 0 1.201-.526 2.09a3.5 3.5 0 0 1-1.382 1.366 3.8 3.8 0 0 
1-1.876.477zm-.296-1.481q1.069 0 1.645-.675.577-.69.577-1.778 0-1.102-.577-1.776-.56-.691-1.645-.692a2.12 2.12 0 0 
0-1.58.659q-.642.641-.642 1.694v.115q0 .71.296 1.267a2.4 2.4 0 0 0 .807.872 2.1 2.1 0 0 0 
1.119.313zm5.927-6.237h1.777v1.481q.263-.757.856-1.217a2.14 2.14 0 0 1 1.349-.46q.527 0 .724.098l-.247 
1.794q-.149-.099-.642-.099-.774 0-1.416.494-.626.493-.626 1.58v3.883h-1.777V9.242zm9.534 7.718q-1.35 
0-2.255-.526-.904-.543-1.332-1.432a4.6 4.6 0 0 1-.428-1.975q0-1.2.493-2.106a3.46 3.46 0 0 1 1.4-1.382q.889-.495 
2.007-.494 1.744 0 2.584.97.855.956.856 2.7 0 .444-.05.92h-5.43q.18 1.005.708 1.45.542.443 1.497.443.79 0 1.3-.131a4 4 
0 0 0 .938-.362l.542 
1.267q-.411.263-1.119.46-.708.198-1.711.197zm1.596-4.558q.016-1.02-.444-1.432-.46-.428-1.316-.428-1.728 0-1.991 
1.86z'/%3E%3Cpath d='M5.074 15.948a.484.657 0 0 0-.486.659v1.84a.484.657 0 0 0 .486.659h4.101a.484.657 0 0 0 
.486-.659v-1.84a.484.657 0 0 0-.486-.659zm3.56 1.16H5.617v.838h3.017z' 
style='fill:%23fff;fill-rule:evenodd;stroke-width:1.03600001'/%3E%3Cg style='stroke-width:1.12603545'%3E%3Cpath 
d='M-9.408-1.416c-3.833-.025-7.056 2.912-7.08 6.615-.02 3.08 1.653 4.832 3.107 6.268.903.892 1.721 1.74 2.32 
2.902l-.525-.004c-.543-.003-.992.304-1.24.639a1.87 1.87 0 0 0-.362 1.121l-.011 1.877c-.003.402.104.787.347 
1.125.244.338.688.653 1.23.656l4.142.028c.542.003.99-.306 1.238-.641a1.87 1.87 0 0 0 .363-1.121l.012-1.875a1.87 1.87 0 
0 0-.348-1.127c-.243-.338-.688-.653-1.23-.656l-.518-.004c.597-1.145 1.425-1.983 2.348-2.87 1.473-1.414 3.18-3.149 
3.2-6.226-.016-3.59-2.923-6.684-6.993-6.707m-.006 1.1v.002c3.274.02 5.92 2.532 5.9 5.6-.017 2.706-1.39 4.026-2.863 
5.44-1.034.994-2.118 2.033-2.814 3.633-.018.041-.052.055-.075.065q-.013.004-.02.01a.34.34 0 0 1-.226.084.34.34 0 0 
1-.224-.086l-.092-.077c-.699-1.615-1.768-2.669-2.781-3.67-1.454-1.435-2.797-2.762-2.78-5.478.02-3.067 2.7-5.545 
5.975-5.523m-.02 2.826c-1.62-.01-2.944 1.315-2.955 2.96-.01 1.646 1.295 2.988 2.916 2.999h.002c1.621.01 2.943-1.316 
2.953-2.961.011-1.646-1.294-2.988-2.916-2.998m-.005 1.1c1.017.006 1.829.83 1.822 1.89s-.83 1.874-1.848 
1.867c-1.018-.006-1.829-.83-1.822-1.89s.83-1.874 1.848-1.868m-2.155 11.857 4.14.025c.271.002.49.305.487.676l-.013 
1.875c-.003.37-.224.67-.495.668l-4.14-.025c-.27-.002-.487-.306-.485-.676l.012-1.875c.003-.37.224-.67.494-.668' style='c
olor:%23000;font-style:normal;font-variant:normal;font-weight:400;font-stretch:normal;font-size:medium;line-height:norm
al;font-family:sans-serif;font-variant-ligatures:normal;font-variant-position:normal;font-variant-caps:normal;font-vari
ant-numeric:normal;font-variant-alternates:normal;font-feature-settings:normal;text-indent:0;text-align:start;text-deco
ration:none;text-decoration-line:none;text-decoration-style:solid;text-decoration-color:%23000;letter-spacing:normal;wo
rd-spacing:normal;text-transform:none;writing-mode:lr-tb;direction:ltr;text-orientation:mixed;dominant-baseline:auto;ba
seline-shift:baseline;text-anchor:start;white-space:normal;shape-padding:0;clip-rule:evenodd;display:inline;overflow:vi
sible;visibility:visible;opacity:1;isolation:auto;mix-blend-mode:normal;color-interpolation:sRGB;color-interpolation-fi
lters:linearRGB;solid-color:%23000;solid-opacity:1;vector-effect:none;fill:%23000;fill-opacity:.4;fill-rule:evenodd;str
oke:none;stroke-width:2.47727823;stroke-linecap:butt;stroke-linejoin:miter;stroke-miterlimit:4;stroke-dasharray:none;st
roke-dashoffset:0;stroke-opacity:1;color-rendering:auto;image-rendering:auto;shape-rendering:auto;text-rendering:auto' 
transform='translate(15.553 2.85)scale(.88807)'/%3E%3Cpath d='M-9.415-.316C-12.69-.338-15.37 2.14-15.39 5.207c-.017 
2.716 1.326 4.041 2.78 5.477 1.013 1 2.081 2.055 2.78 3.67l.092.076a.34.34 0 0 0 .225.086.34.34 0 0 0 
.227-.083l.019-.01c.022-.009.057-.024.074-.064.697-1.6 1.78-2.64 2.814-3.634 1.473-1.414 2.847-2.733 
2.864-5.44.02-3.067-2.627-5.58-5.901-5.601m-.057 8.784c1.621.011 2.944-1.315 
2.955-2.96.01-1.646-1.295-2.988-2.916-2.999-1.622-.01-2.945 1.315-2.955 2.96s1.295 2.989 2.916 3' style='clip-rule:even
odd;fill:%23e1e3e9;fill-opacity:1;fill-rule:evenodd;stroke:none;stroke-width:2.47727823;stroke-miterlimit:4;stroke-dash
array:none;stroke-opacity:.4' transform='translate(15.553 2.85)scale(.88807)'/%3E%3Cpath d='M-11.594 
15.465c-.27-.002-.492.297-.494.668l-.012 
1.876c-.003.371.214.673.485.675l4.14.027c.271.002.492-.298.495-.668l.012-1.877c.003-.37-.215-.672-.485-.674z' style='cl
ip-rule:evenodd;fill:%23fff;fill-opacity:1;fill-rule:evenodd;stroke:none;stroke-width:2.47727823;stroke-miterlimit:4;st
roke-dasharray:none;stroke-opacity:.4' transform='translate(15.553 2.85)scale(.88807)'/%3E%3C/g%3E%3C/svg%3E")}}.maplib
regl-ctrl.maplibregl-ctrl-attrib{background-color:hsla(0,0%,100%,.5);margin:0;padding:0 5px}@media screen{.maplibregl-c
trl-attrib.maplibregl-compact{background-color:#fff;border-radius:12px;box-sizing:content-box;color:#000;margin:10px;mi
n-height:20px;padding:2px 24px 2px 0;position:relative}.maplibregl-ctrl-attrib.maplibregl-compact-show{padding:2px 
28px 2px 8px;visibility:visible}.maplibregl-ctrl-bottom-left>.maplibregl-ctrl-attrib.maplibregl-compact-show,.maplibreg
l-ctrl-top-left>.maplibregl-ctrl-attrib.maplibregl-compact-show{border-radius:12px;padding:2px 8px 2px 
28px}.maplibregl-ctrl-attrib.maplibregl-compact .maplibregl-ctrl-attrib-inner{display:none}.maplibregl-ctrl-attrib-butt
on{background-color:hsla(0,0%,100%,.5);background-image:url("data:image/svg+xml;charset=utf-8,%3Csvg 
xmlns='http://www.w3.org/2000/svg' width='24' height='24' fill-rule='evenodd' viewBox='0 0 20 20'%3E%3Cpath d='M4 10a6 
6 0 1 0 12 0 6 6 0 1 0-12 0m5-3a1 1 0 1 0 2 0 1 1 0 1 0-2 0m0 3a1 1 0 1 1 2 0v3a1 1 0 1 1-2 0'/%3E%3C/svg%3E");border:0
;border-radius:12px;box-sizing:border-box;cursor:pointer;display:none;height:24px;outline:none;position:absolute;right:
0;top:0;width:24px}.maplibregl-ctrl-attrib summary.maplibregl-ctrl-attrib-button{-webkit-appearance:none;-moz-appearanc
e:none;appearance:none;list-style:none}.maplibregl-ctrl-attrib 
summary.maplibregl-ctrl-attrib-button::-webkit-details-marker{display:none}.maplibregl-ctrl-bottom-left 
.maplibregl-ctrl-attrib-button,.maplibregl-ctrl-top-left 
.maplibregl-ctrl-attrib-button{left:0}.maplibregl-ctrl-attrib.maplibregl-compact 
.maplibregl-ctrl-attrib-button,.maplibregl-ctrl-attrib.maplibregl-compact-show 
.maplibregl-ctrl-attrib-inner{display:block}.maplibregl-ctrl-attrib.maplibregl-compact-show .maplibregl-ctrl-attrib-but
ton{background-color:rgba(0,0,0,.05)}.maplibregl-ctrl-bottom-right>.maplibregl-ctrl-attrib.maplibregl-compact:after{bot
tom:0;right:0}.maplibregl-ctrl-top-right>.maplibregl-ctrl-attrib.maplibregl-compact:after{right:0;top:0}.maplibregl-ctr
l-top-left>.maplibregl-ctrl-attrib.maplibregl-compact:after{left:0;top:0}.maplibregl-ctrl-bottom-left>.maplibregl-ctrl-
attrib.maplibregl-compact:after{bottom:0;left:0}}@media screen and (forced-colors:active){.maplibregl-ctrl-attrib.mapli
bregl-compact:after{background-image:url("data:image/svg+xml;charset=utf-8,%3Csvg xmlns='http://www.w3.org/2000/svg' 
width='24' height='24' fill='%23fff' fill-rule='evenodd' viewBox='0 0 20 20'%3E%3Cpath d='M4 10a6 6 0 1 0 12 0 6 6 0 1 
0-12 0m5-3a1 1 0 1 0 2 0 1 1 0 1 0-2 0m0 3a1 1 0 1 1 2 0v3a1 1 0 1 1-2 0'/%3E%3C/svg%3E")}}@media screen and 
(forced-colors:active) and (prefers-color-scheme:light){.maplibregl-ctrl-attrib.maplibregl-compact:after{background-ima
ge:url("data:image/svg+xml;charset=utf-8,%3Csvg xmlns='http://www.w3.org/2000/svg' width='24' height='24' 
fill-rule='evenodd' viewBox='0 0 20 20'%3E%3Cpath d='M4 10a6 6 0 1 0 12 0 6 6 0 1 0-12 0m5-3a1 1 0 1 0 2 0 1 1 0 1 0-2 
0m0 3a1 1 0 1 1 2 0v3a1 1 0 1 1-2 0'/%3E%3C/svg%3E")}}.maplibregl-ctrl-attrib 
a{color:rgba(0,0,0,.75);text-decoration:none}.maplibregl-ctrl-attrib a:hover{color:inherit;text-decoration:underline}.m
aplibregl-attrib-empty{display:none}.maplibregl-ctrl-scale{background-color:hsla(0,0%,100%,.75);border:2px solid 
#333;border-top:#333;box-sizing:border-box;color:#333;font-size:10px;padding:0 5px;white-space:nowrap}.maplibregl-popup
{display:flex;left:0;pointer-events:none;position:absolute;top:0;will-change:transform}.maplibregl-popup-anchor-top,.ma
plibregl-popup-anchor-top-left,.maplibregl-popup-anchor-top-right{flex-direction:column}.maplibregl-popup-anchor-bottom
,.maplibregl-popup-anchor-bottom-left,.maplibregl-popup-anchor-bottom-right{flex-direction:column-reverse}.maplibregl-p
opup-anchor-left{flex-direction:row}.maplibregl-popup-anchor-right{flex-direction:row-reverse}.maplibregl-popup-tip{bor
der:10px solid transparent;height:0;width:0;z-index:1}.maplibregl-popup-anchor-top 
.maplibregl-popup-tip{align-self:center;border-bottom-color:#fff;border-top:none}.maplibregl-popup-anchor-top-left .map
libregl-popup-tip{align-self:flex-start;border-bottom-color:#fff;border-left:none;border-top:none}.maplibregl-popup-anc
hor-top-right .maplibregl-popup-tip{align-self:flex-end;border-bottom-color:#fff;border-right:none;border-top:none}.map
libregl-popup-anchor-bottom 
.maplibregl-popup-tip{align-self:center;border-bottom:none;border-top-color:#fff}.maplibregl-popup-anchor-bottom-left .
maplibregl-popup-tip{align-self:flex-start;border-bottom:none;border-left:none;border-top-color:#fff}.maplibregl-popup-
anchor-bottom-right .maplibregl-popup-tip{align-self:flex-end;border-bottom:none;border-right:none;border-top-color:#ff
f}.maplibregl-popup-anchor-left 
.maplibregl-popup-tip{align-self:center;border-left:none;border-right-color:#fff}.maplibregl-popup-anchor-right 
.maplibregl-popup-tip{align-self:center;border-left-color:#fff;border-right:none}[dir=rtl] 
.maplibregl-popup-anchor-left{flex-direction:row-reverse}[dir=rtl] 
.maplibregl-popup-anchor-right{flex-direction:row}[dir=rtl] .maplibregl-popup-anchor-top-left 
.maplibregl-popup-tip{align-self:flex-end}[dir=rtl] .maplibregl-popup-anchor-top-right 
.maplibregl-popup-tip{align-self:flex-start}[dir=rtl] .maplibregl-popup-anchor-bottom-left 
.maplibregl-popup-tip{align-self:flex-end}[dir=rtl] .maplibregl-popup-anchor-bottom-right .maplibregl-popup-tip{align-s
elf:flex-start}.maplibregl-popup-close-button{background-color:transparent;border:0;border-radius:0 3px 0 0;cursor:poin
ter;position:absolute;right:0;top:0}.maplibregl-popup-close-button:hover{background-color:rgba(0,0,0,.05)}.maplibregl-p
opup-content{background:#fff;border-radius:3px;box-shadow:0 1px 2px rgba(0,0,0,.1);padding:15px 
10px;pointer-events:auto;position:relative}.maplibregl-popup-anchor-top-left 
.maplibregl-popup-content{border-top-left-radius:0}.maplibregl-popup-anchor-top-right 
.maplibregl-popup-content{border-top-right-radius:0}.maplibregl-popup-anchor-bottom-left 
.maplibregl-popup-content{border-bottom-left-radius:0}.maplibregl-popup-anchor-bottom-right .maplibregl-popup-content{b
order-bottom-right-radius:0}.maplibregl-popup-track-pointer{display:none}.maplibregl-popup-track-pointer 
*{pointer-events:none;-webkit-user-select:none;-moz-user-select:none;user-select:none}.maplibregl-map:hover 
.maplibregl-popup-track-pointer{display:flex}.maplibregl-map:active 
.maplibregl-popup-track-pointer{display:none}.maplibregl-marker{left:0;position:absolute;top:0;transition:opacity .2s;w
ill-change:transform}.maplibregl-user-location-dot,.maplibregl-user-location-dot:before{background-color:#1da1f2;border
-radius:50%;height:15px;width:15px}.maplibregl-user-location-dot:before{animation:maplibregl-user-location-dot-pulse 
2s infinite;content:"";position:absolute}.maplibregl-user-location-dot:after{border:2px solid 
#fff;border-radius:50%;box-shadow:0 0 3px 
rgba(0,0,0,.35);box-sizing:border-box;content:"";height:19px;left:-2px;position:absolute;top:-2px;width:19px}@media 
(prefers-reduced-motion:reduce){.maplibregl-user-location-dot:before{animation:none}}@keyframes maplibregl-user-locatio
n-dot-pulse{0%{opacity:1;transform:scale(1)}70%{opacity:0;transform:scale(3)}to{opacity:0;transform:scale(1)}}.maplibre
gl-user-location-dot-stale{background-color:#aaa}.maplibregl-user-location-dot-stale:after{display:none}.maplibregl-use
r-location-accuracy-circle{background-color:#1da1f233;border-radius:100%;height:1px;width:1px}.maplibregl-crosshair,.ma
plibregl-crosshair .maplibregl-interactive,.maplibregl-crosshair 
.maplibregl-interactive:active{cursor:crosshair}.maplibregl-boxzoom{background:#fff;border:2px dotted #202020;height:0;
left:0;opacity:.5;position:absolute;top:0;width:0}.maplibregl-cooperative-gesture-screen{align-items:center;background:
rgba(0,0,0,.4);color:#fff;display:flex;font-size:1.4em;inset:0;justify-content:center;line-height:1.2;opacity:0;padding
:1rem;pointer-events:none;position:absolute;transition:opacity 1s ease 
1s;z-index:99999}.maplibregl-cooperative-gesture-screen.maplibregl-show{opacity:1;transition:opacity 
.05s}.maplibregl-cooperative-gesture-screen .maplibregl-mobile-message{display:none}@media 
(hover:none),(pointer:coarse){.maplibregl-cooperative-gesture-screen 
.maplibregl-desktop-message{display:none}.maplibregl-cooperative-gesture-screen .maplibregl-mobile-message{display:bloc
k}}.maplibregl-pseudo-fullscreen{height:100%!important;left:0!important;position:fixed!important;top:0!important;width:
100%!important;z-index:99999}

[39m[22m
[32m17 04 2026 12:02:30.727:INFO [karma-server]: [39mKarma v6.4.4 server started at http://localhost:9876/
[32m17 04 2026 12:02:30.729:INFO [launcher]: [39mLaunching browsers Chrome with concurrency unlimited
[91m17 04 2026 12:02:30.730:ERROR [karma-server]: [39mError: Found 1 load error
    at Server.<anonymous> (D:\ESPRIT\4eme\SEMS_1\P_2\PI_Cloud\DEV_Phase4\Frontend_Angular\coco-frontend\node_modules\karma\lib\server.js:243:26)
    at Object.onceWrapper (node:events:638:28)
    at Server.emit (node:events:536:35)
    at emitListeningNT (node:net:1951:10)
    at process.processTicksAndRejections (node:internal/process/task_queues:81:21)
ÔêÜ Browser application bundle generation complete.
ÔêÜ Browser application bundle generation complete.
